Archive member included to satisfy reference by file (symbol)

c:/nxp/mcuxpressoide_11.2.0_4120/ide/plugins/com.nxp.mcuxpresso.tools.win32_11.2.0.202001021529/tools/bin/../lib/gcc/arm-none-eabi/9.2.1/../../../../arm-none-eabi/lib/thumb/v6-m/nofp\libcr_semihost_nf.a(_cr__main.o)
                              ./startup/startup_mkl25z4.o (__main)
c:/nxp/mcuxpressoide_11.2.0_4120/ide/plugins/com.nxp.mcuxpresso.tools.win32_11.2.0.202001021529/tools/bin/../lib/gcc/arm-none-eabi/9.2.1/../../../../arm-none-eabi/lib/thumb/v6-m/nofp\libcr_semihost_nf.a(_cr_assert.o)
                              ./source/sine_generator.o (__assertion_failed)
c:/nxp/mcuxpressoide_11.2.0_4120/ide/plugins/com.nxp.mcuxpresso.tools.win32_11.2.0.202001021529/tools/bin/../lib/gcc/arm-none-eabi/9.2.1/../../../../arm-none-eabi/lib/thumb/v6-m/nofp\libcr_semihost_nf.a(__ciob.o)
                              c:/nxp/mcuxpressoide_11.2.0_4120/ide/plugins/com.nxp.mcuxpresso.tools.win32_11.2.0.202001021529/tools/bin/../lib/gcc/arm-none-eabi/9.2.1/../../../../arm-none-eabi/lib/thumb/v6-m/nofp\libcr_semihost_nf.a(_cr_assert.o) (__Ciob)
c:/nxp/mcuxpressoide_11.2.0_4120/ide/plugins/com.nxp.mcuxpresso.tools.win32_11.2.0.202001021529/tools/bin/../lib/gcc/arm-none-eabi/9.2.1/../../../../arm-none-eabi/lib/thumb/v6-m/nofp\libcr_semihost_nf.a(__sys_appexit.o)
                              c:/nxp/mcuxpressoide_11.2.0_4120/ide/plugins/com.nxp.mcuxpresso.tools.win32_11.2.0.202001021529/tools/bin/../lib/gcc/arm-none-eabi/9.2.1/../../../../arm-none-eabi/lib/thumb/v6-m/nofp\libcr_semihost_nf.a(_cr_assert.o) (__sys_appexit)
c:/nxp/mcuxpressoide_11.2.0_4120/ide/plugins/com.nxp.mcuxpresso.tools.win32_11.2.0.202001021529/tools/bin/../lib/gcc/arm-none-eabi/9.2.1/../../../../arm-none-eabi/lib/thumb/v6-m/nofp\libcr_c.a(memcpy.o)
                              ./source/DAC.o (memcpy)
c:/nxp/mcuxpressoide_11.2.0_4120/ide/plugins/com.nxp.mcuxpresso.tools.win32_11.2.0.202001021529/tools/bin/../lib/gcc/arm-none-eabi/9.2.1/../../../../arm-none-eabi/lib/thumb/v6-m/nofp\libcr_c.a(memset.o)
                              ./drivers/fsl_flash.o (memset)
c:/nxp/mcuxpressoide_11.2.0_4120/ide/plugins/com.nxp.mcuxpresso.tools.win32_11.2.0.202001021529/tools/bin/../lib/gcc/arm-none-eabi/9.2.1/../../../../arm-none-eabi/lib/thumb/v6-m/nofp\libcr_c.a(_deferredlazyseek.o)
                              c:/nxp/mcuxpressoide_11.2.0_4120/ide/plugins/com.nxp.mcuxpresso.tools.win32_11.2.0.202001021529/tools/bin/../lib/gcc/arm-none-eabi/9.2.1/../../../../arm-none-eabi/lib/thumb/v6-m/nofp\libcr_semihost_nf.a(_cr_assert.o) (__flsbuf)
c:/nxp/mcuxpressoide_11.2.0_4120/ide/plugins/com.nxp.mcuxpresso.tools.win32_11.2.0.202001021529/tools/bin/../lib/gcc/arm-none-eabi/9.2.1/../../../../arm-none-eabi/lib/thumb/v6-m/nofp\libcr_c.a(_fflush.o)
                              c:/nxp/mcuxpressoide_11.2.0_4120/ide/plugins/com.nxp.mcuxpresso.tools.win32_11.2.0.202001021529/tools/bin/../lib/gcc/arm-none-eabi/9.2.1/../../../../arm-none-eabi/lib/thumb/v6-m/nofp\libcr_c.a(_deferredlazyseek.o) (_fflush)
c:/nxp/mcuxpressoide_11.2.0_4120/ide/plugins/com.nxp.mcuxpresso.tools.win32_11.2.0.202001021529/tools/bin/../lib/gcc/arm-none-eabi/9.2.1/../../../../arm-none-eabi/lib/thumb/v6-m/nofp\libcr_c.a(_writebuf.o)
                              c:/nxp/mcuxpressoide_11.2.0_4120/ide/plugins/com.nxp.mcuxpresso.tools.win32_11.2.0.202001021529/tools/bin/../lib/gcc/arm-none-eabi/9.2.1/../../../../arm-none-eabi/lib/thumb/v6-m/nofp\libcr_c.a(_deferredlazyseek.o) (_Cwritebuf)
c:/nxp/mcuxpressoide_11.2.0_4120/ide/plugins/com.nxp.mcuxpresso.tools.win32_11.2.0.202001021529/tools/bin/../lib/gcc/arm-none-eabi/9.2.1/../../../../arm-none-eabi/lib/thumb/v6-m/nofp\libcr_c.a(alloc.o)
                              c:/nxp/mcuxpressoide_11.2.0_4120/ide/plugins/com.nxp.mcuxpresso.tools.win32_11.2.0.202001021529/tools/bin/../lib/gcc/arm-none-eabi/9.2.1/../../../../arm-none-eabi/lib/thumb/v6-m/nofp\libcr_c.a(_deferredlazyseek.o) (_Csys_alloc)
c:/nxp/mcuxpressoide_11.2.0_4120/ide/plugins/com.nxp.mcuxpresso.tools.win32_11.2.0.202001021529/tools/bin/../lib/gcc/arm-none-eabi/9.2.1/../../../../arm-none-eabi/lib/thumb/v6-m/nofp\libcr_c.a(atan2.o)
                              ./source/mma8451q.o (atan2)
c:/nxp/mcuxpressoide_11.2.0_4120/ide/plugins/com.nxp.mcuxpresso.tools.win32_11.2.0.202001021529/tools/bin/../lib/gcc/arm-none-eabi/9.2.1/../../../../arm-none-eabi/lib/thumb/v6-m/nofp\libcr_c.a(errno.o)
                              c:/nxp/mcuxpressoide_11.2.0_4120/ide/plugins/com.nxp.mcuxpresso.tools.win32_11.2.0.202001021529/tools/bin/../lib/gcc/arm-none-eabi/9.2.1/../../../../arm-none-eabi/lib/thumb/v6-m/nofp\libcr_c.a(atan2.o) (errno)
c:/nxp/mcuxpressoide_11.2.0_4120/ide/plugins/com.nxp.mcuxpresso.tools.win32_11.2.0.202001021529/tools/bin/../lib/gcc/arm-none-eabi/9.2.1/../../../../arm-none-eabi/lib/thumb/v6-m/nofp\libcr_c.a(fabs.o)
[...]
Memory Configuration

Name             Origin             Length             Attributes
PROGRAM_FLASH    0x00000000         0x00020000         xr
SRAM             0x1ffff000         0x00004000         xrw
*default*        0x00000000         0xffffffff

Linker script and memory map

LOAD ./utilities/fsl_debug_console.o
LOAD ./startup/startup_mkl25z4.o
LOAD ./source/ADC.o
LOAD ./source/DAC.o
LOAD ./source/PES_Assignment_7.o
LOAD ./source/autocorrelate.o
LOAD ./source/delay.o
LOAD ./source/i2c.o
LOAD ./source/mma8451q.o
LOAD ./source/mtb.o
LOAD ./source/sample_generator.o
LOAD ./source/semihost_hardfault.o
LOAD ./source/sine_generator.o
LOAD ./source/sine_test.o
LOAD ./drivers/fsl_clock.o
LOAD ./drivers/fsl_common.o
LOAD ./drivers/fsl_flash.o
LOAD ./drivers/fsl_gpio.o
LOAD ./drivers/fsl_lpsci.o
LOAD ./drivers/fsl_smc.o
LOAD ./drivers/fsl_uart.o
LOAD ./board/board.o
LOAD ./board/clock_config.o
LOAD ./board/peripherals.o
LOAD ./board/pin_mux.o
LOAD ./CMSIS/system_MKL25Z4.o
START GROUP
LOAD c:/nxp/mcuxpressoide_11.2.0_4120/ide/plugins/com.nxp.mcuxpresso.tools.win32_11.2.0.202001021529/tools/bin/../lib/gcc/arm-none-eabi/9.2.1/../../../../arm-none-eabi/lib/thumb/v6-m/nofp\libcr_semihost_nf.a
LOAD c:/nxp/mcuxpressoide_11.2.0_4120/ide/plugins/com.nxp.mcuxpresso.tools.win32_11.2.0.202001021529/tools/bin/../lib/gcc/arm-none-eabi/9.2.1/../../../../arm-none-eabi/lib/thumb/v6-m/nofp\libcr_c.a
LOAD c:/nxp/mcuxpressoide_11.2.0_4120/ide/plugins/com.nxp.mcuxpresso.tools.win32_11.2.0.202001021529/tools/bin/../lib/gcc/arm-none-eabi/9.2.1/thumb/v6-m/nofp\libcr_eabihelpers.a
LOAD c:/nxp/mcuxpressoide_11.2.0_4120/ide/plugins/com.nxp.mcuxpresso.tools.win32_11.2.0.202001021529/tools/bin/../lib/gcc/arm-none-eabi/9.2.1/thumb/v6-m/nofp\libgcc.a
END GROUP
                0x00000000                __base_PROGRAM_FLASH = 0x0
                0x00000000                __base_Flash = 0x0
                0x00020000                __top_PROGRAM_FLASH = 0x20000
                0x00020000                __top_Flash = 0x20000
                0x1ffff000                __base_SRAM = 0x1ffff000
                0x1ffff000                __base_RAM = 0x1ffff000
                0x20003000                __top_SRAM = 0x20003000
                0x20003000                __top_RAM = 0x20003000

.text           0x00000000     0x5cd8
 FILL mask 0xff
                0x00000000                __vectors_start__ = ABSOLUTE (.)
 *(SORT_BY_ALIGNMENT(.isr_vector))
 .isr_vector    0x00000000       0xc0 ./startup/startup_mkl25z4.o
                0x00000000                g_pfnVectors
                0x00000000                __Vectors
                0x000000c0                . = ALIGN (0x4)
                0x000000c0                __section_table_start = .
                0x000000c0                __data_section_table = .
                0x000000c0        0x4 LONG 0x5cd8 LOADADDR (.data)
                0x000000c4        0x4 LONG 0x1ffff080 ADDR (.data)
                0x000000c8        0x4 LONG 0x8 SIZEOF (.data)
                0x000000cc                __data_section_table_end = .
                0x000000cc                __bss_section_table = .
                0x000000cc        0x4 LONG 0x1ffff088 ADDR (.bss)
                0x000000d0        0x4 LONG 0x8f4 SIZEOF (.bss)
                0x000000d4                __bss_section_table_end = .
                0x000000d4                __section_table_end = .
 *(SORT_BY_ALIGNMENT(.after_vectors*))
 .after_vectors.reset
                0x000000d4       0x4c ./startup/startup_mkl25z4.o
                0x000000d4                ResetISR
 .after_vectors.init_data
                0x00000120       0x12 ./startup/startup_mkl25z4.o
                0x00000120                data_init
 .after_vectors.init_bss
                0x00000132       0x10 ./startup/startup_mkl25z4.o
                0x00000132                bss_init
 .after_vectors
                0x00000142      0x10c ./startup/startup_mkl25z4.o
                0x00000142                NMI_Handler
                0x00000146                SVC_Handler
                0x00000148                PendSV_Handler
                0x0000014a                SysTick_Handler
                0x0000014c                LPTMR0_DriverIRQHandler
                0x0000014c                Reserved39_DriverIRQHandler
                0x0000014c                DMA0_DriverIRQHandler
                0x0000014c                SPI1_DriverIRQHandler
                0x0000014c                I2C0_DriverIRQHandler
                0x0000014c                PORTD_DriverIRQHandler
                0x0000014c                DMA2_DriverIRQHandler
                0x0000014c                CMP0_DriverIRQHandler
                0x0000014c                TPM2_DriverIRQHandler
                0x0000014c                ADC0_DriverIRQHandler
                0x0000014c                SPI0_DriverIRQHandler
                0x0000014c                TSI0_DriverIRQHandler
                0x0000014c                RTC_Seconds_DriverIRQHandler
                0x0000014c                I2C1_DriverIRQHandler
                0x0000014c                DMA1_DriverIRQHandler
                0x0000014c                LLWU_DriverIRQHandler
                0x0000014c                MCG_DriverIRQHandler
                0x0000014c                PIT_DriverIRQHandler
                0x0000014c                RTC_DriverIRQHandler
                0x0000014c                TPM1_DriverIRQHandler
                0x0000014c                FTFA_DriverIRQHandler
                0x0000014c                IntDefaultHandler
                0x0000014c                USB0_DriverIRQHandler
                0x0000014c                DAC0_DriverIRQHandler
                0x0000014c                PORTA_DriverIRQHandler
                0x0000014c                LVD_LVW_DriverIRQHandler
                0x0000014c                TPM0_DriverIRQHandler
                0x0000014c                Reserved45_DriverIRQHandler
                0x0000014c                Reserved20_DriverIRQHandler
                0x0000014c                DMA3_DriverIRQHandler
                0x00000156                DMA1_IRQHandler
                0x0000015e                DMA2_IRQHandler
                0x00000166                DMA3_IRQHandler
                0x0000016e                Reserved20_IRQHandler
                0x00000176                FTFA_IRQHandler
                0x0000017e                LVD_LVW_IRQHandler
                0x00000186                LLWU_IRQHandler
                0x0000018e                I2C0_IRQHandler
                0x00000196                I2C1_IRQHandler
                0x0000019e                SPI0_IRQHandler
                0x000001a6                SPI1_IRQHandler
                0x000001ae                UART0_IRQHandler
                0x000001b6                UART1_IRQHandler
                0x000001be                UART2_IRQHandler
                0x000001c6                ADC0_IRQHandler
                0x000001ce                CMP0_IRQHandler
                0x000001d6                TPM0_IRQHandler
                0x000001de                TPM1_IRQHandler
                0x000001e6                TPM2_IRQHandler
                0x000001ee                RTC_IRQHandler
                0x000001f6                RTC_Seconds_IRQHandler
                0x000001fe                PIT_IRQHandler
                0x00000206                Reserved39_IRQHandler
                0x0000020e                USB0_IRQHandler
                0x00000216                DAC0_IRQHandler
                0x0000021e                TSI0_IRQHandler
                0x00000226                MCG_IRQHandler
                0x0000022e                LPTMR0_IRQHandler
                0x00000236                Reserved45_IRQHandler
                0x0000023e                PORTA_IRQHandler
                0x00000246                PORTD_IRQHandler
                0x00000400                . = 0x400
 *fill*         0x0000024e      0x1b2 ff
                0x00000400                PROVIDE (__FLASH_CONFIG_START__ = .)
 *(SORT_BY_ALIGNMENT(.FlashConfig))
 .FlashConfig   0x00000400       0x10 ./startup/startup_mkl25z4.o
                0x00000400                Flash_Config
                0x00000410                PROVIDE (__FLASH_CONFIG_END__ = .)
                0x00000001                ASSERT (! ((__FLASH_CONFIG_START__ == __FLASH_CONFIG_END__)), Linker Flash Config Support Enabled, but no .FlashConfig section provided within application)
 *(SORT_BY_ALIGNMENT(.text*))
 .text.DbgConsole_Init
                0x00000410       0xf4 ./utilities/fsl_debug_console.o
                0x00000410                DbgConsole_Init
 .text.TPM1_Init
                0x00000504       0x58 ./source/ADC.o
                0x00000504                TPM1_Init
 .text.ADC_Init
                0x0000055c       0x4c ./source/ADC.o
                0x0000055c                ADC_Init
 .text.ADC_calibrate
                0x000005a8      0x118 ./source/ADC.o
                0x000005a8                ADC_calibrate
 .text.ADC_buffer
                0x000006c0       0x64 ./source/ADC.o
                0x000006c0                ADC_buffer
 .text.NVIC_EnableIRQ
                0x00000724       0x2c ./source/DAC.o
 .text.NVIC_ClearPendingIRQ
                0x00000750       0x30 ./source/DAC.o
 .text.NVIC_SetPriority
                0x00000780       0xdc ./source/DAC.o
 .text.DAC_Init
                0x0000085c       0x78 ./source/DAC.o
                0x0000085c                DAC_Init
 .text.DMA_Init
                0x000008d4       0x70 ./source/DAC.o
                0x000008d4                DMA_Init
 .text.TPM0_Init
                0x00000944       0x5c ./source/DAC.o
                0x00000944                TPM0_Init
 .text.DMA_start
                0x000009a0       0x90 ./source/DAC.o
                0x000009a0                DMA_start
 .text.DMA0_IRQHandler
                0x00000a30       0x6c ./source/DAC.o
                0x00000a30                DMA0_IRQHandler
 .text.main     0x00000a9c      0x2f8 ./source/PES_Assignment_7.o
                0x00000a9c                main
 .text.autocorrelate_detect_period
                0x00000d94      0x188 ./source/autocorrelate.o
                0x00000d94                autocorrelate_detect_period
 .text.Delay    0x00000f1c       0x2c ./source/delay.o
                0x00000f1c                Delay
 .text.i2c_init
                0x00000f48       0x84 ./source/i2c.o
                0x00000f48                i2c_init
 .text.i2c_write_byte
                0x00000fcc       0xd4 ./source/i2c.o
                0x00000fcc                i2c_write_byte
 .text.i2c_repeated_read
                0x000010a0       0x9c ./source/i2c.o
                0x000010a0                i2c_repeated_read
 .text.i2c_read_setup
                0x0000113c       0xbc ./source/i2c.o
                0x0000113c                i2c_read_setup
 .text.i2c_start
                0x000011f8       0x30 ./source/i2c.o
                0x000011f8                i2c_start
 .text.read_full_xyz
                0x00001228      0x11c ./source/mma8451q.o
                0x00001228                read_full_xyz
 .text.mma8451q_test
                0x00001344      0x130 ./source/mma8451q.o
                0x00001344                mma8451q_test
 .text.tone_to_samples
                0x00001474      0x108 ./source/sample_generator.o
                0x00001474                tone_to_samples
 .text.adc_analysis
                0x0000157c       0xcc ./source/sample_generator.o
                0x0000157c                adc_analysis
 .text.HardFault_Handler
                0x00001648       0x30 ./source/semihost_hardfault.o
                0x00001648                HardFault_Handler
 .text.sine_generate
                0x00001678       0xfc ./source/sine_generator.o
                0x00001678                sine_generate
 .text.test_sine
                0x00001774      0x10c ./source/sine_test.o
                0x00001774                test_sine
 .text.CLOCK_SetEr32kClock
                0x00001880       0x34 ./drivers/fsl_clock.o
 .text.CLOCK_SetPllFllSelClock
                0x000018b4       0x38 ./drivers/fsl_clock.o
 .text.CLOCK_GetMcgExtClkFreq
                0x000018ec       0x28 ./drivers/fsl_clock.o
 .text.CLOCK_GetFllExtRefClkFreq
                0x00001914       0xa8 ./drivers/fsl_clock.o
 .text.CLOCK_GetFllRefClkFreq
                0x000019bc       0x2c ./drivers/fsl_clock.o
 .text.CLOCK_GetOscRangeFromFreq
                0x000019e8       0x4c ./drivers/fsl_clock.o
 .text.CLOCK_GetPllFllSelClkFreq
                0x00001a34       0x4c ./drivers/fsl_clock.o
                0x00001a34                CLOCK_GetPllFllSelClkFreq
 .text.CLOCK_SetSimConfig
                0x00001a80       0x38 ./drivers/fsl_clock.o
                0x00001a80                CLOCK_SetSimConfig
 .text.CLOCK_GetFllFreq
                0x00001ab8       0x84 ./drivers/fsl_clock.o
                0x00001ab8                CLOCK_GetFllFreq
 .text.CLOCK_GetPll0Freq
                0x00001b3c       0x70 ./drivers/fsl_clock.o
                0x00001b3c                CLOCK_GetPll0Freq
 .text.CLOCK_SetInternalRefClkConfig
                0x00001bac      0x124 ./drivers/fsl_clock.o
                0x00001bac                CLOCK_SetInternalRefClkConfig
 .text.CLOCK_EnablePll0
                0x00001cd0       0x94 ./drivers/fsl_clock.o
                0x00001cd0                CLOCK_EnablePll0
 .text.CLOCK_InitOsc0
                0x00001d64       0x94 ./drivers/fsl_clock.o
                0x00001d64                CLOCK_InitOsc0
 .text.CLOCK_SetPbeMode
                0x00001df8       0xb0 ./drivers/fsl_clock.o
                0x00001df8                CLOCK_SetPbeMode
 .text.CLOCK_BootToPeeMode
                0x00001ea8       0x70 ./drivers/fsl_clock.o
                0x00001ea8                CLOCK_BootToPeeMode
 .text.CLOCK_EnableClock
                0x00001f18       0x34 ./drivers/fsl_lpsci.o
 .text.LPSCI_GetInstance
                0x00001f4c       0x48 ./drivers/fsl_lpsci.o
                0x00001f4c                LPSCI_GetInstance
 .text.LPSCI_Init
                0x00001f94      0x258 ./drivers/fsl_lpsci.o
                0x00001f94                LPSCI_Init
 .text.LPSCI_GetDefaultConfig
                0x000021ec       0x44 ./drivers/fsl_lpsci.o
                0x000021ec                LPSCI_GetDefaultConfig
 .text.LPSCI_ClearStatusFlags
                0x00002230       0x94 ./drivers/fsl_lpsci.o
                0x00002230                LPSCI_ClearStatusFlags
 .text.LPSCI_WriteBlocking
                0x000022c4       0x4c ./drivers/fsl_lpsci.o
                0x000022c4                LPSCI_WriteBlocking
 .text.LPSCI_ReadBlocking
                0x00002310       0xc0 ./drivers/fsl_lpsci.o
                0x00002310                LPSCI_ReadBlocking
 .text.UART0_DriverIRQHandler
                0x000023d0       0x24 ./drivers/fsl_lpsci.o
                0x000023d0                UART0_DriverIRQHandler
 .text.CLOCK_EnableClock
                0x000023f4       0x34 ./drivers/fsl_uart.o
 .text.UART_GetInstance
                0x00002428       0x54 ./drivers/fsl_uart.o
                0x00002428                UART_GetInstance
 .text.UART_Init
                0x0000247c      0x1e0 ./drivers/fsl_uart.o
                0x0000247c                UART_Init
 .text.UART_GetDefaultConfig
                0x0000265c       0x44 ./drivers/fsl_uart.o
                0x0000265c                UART_GetDefaultConfig
 .text.UART_ReadBlocking
                0x000026a0       0x98 ./drivers/fsl_uart.o
                0x000026a0                UART_ReadBlocking
 .text.UART1_DriverIRQHandler
                0x00002738       0x24 ./drivers/fsl_uart.o
                0x00002738                UART1_DriverIRQHandler
 .text.UART2_DriverIRQHandler
                0x0000275c       0x24 ./drivers/fsl_uart.o
                0x0000275c                UART2_DriverIRQHandler
 .text.CLOCK_SetLpsci0Clock
                0x00002780       0x38 ./board/board.o
 .text.BOARD_InitDebugConsole
                0x000027b8       0x30 ./board/board.o
                0x000027b8                BOARD_InitDebugConsole
 .text.CLOCK_SetSimSafeDivs
                0x000027e8       0x20 ./board/clock_config.o
 .text.CLOCK_SetXtal0Freq
                0x00002808       0x1c ./board/clock_config.o
 .text.CLOCK_CONFIG_SetFllExtRefDiv
                0x00002824       0x3c ./board/clock_config.o
 .text.BOARD_BootClockRUN
                0x00002860       0x64 ./board/clock_config.o
                0x00002860                BOARD_BootClockRUN
 .text.CLOCK_EnableClock
                0x000028c4       0x34 ./board/pin_mux.o
 .text.PORT_SetPinMux
                0x000028f8       0x40 ./board/pin_mux.o
 .text.BOARD_InitPins
                0x00002938       0x4c ./board/pin_mux.o
                0x00002938                BOARD_InitPins
 .text.SystemInit
                0x00002984       0x18 ./CMSIS/system_MKL25Z4.o
                0x00002984                SystemInit
 .text.__assertion_failed
                0x0000299c       0x4c c:/nxp/mcuxpressoide_11.2.0_4120/ide/plugins/com.nxp.mcuxpresso.tools.win32_11.2.0.202001021529/tools/bin/../lib/gcc/arm-none-eabi/9.2.1/../../../../arm-none-eabi/lib/thumb/v6-m/nofp\libcr_semihost_nf.a(_cr_assert.o)
                0x0000299c                __assertion_failed
 .text.__sys_appexit
                0x000029e8        0xc c:/nxp/mcuxpressoide_11.2.0_4120/ide/plugins/com.nxp.mcuxpresso.tools.win32_11.2.0.202001021529/tools/bin/../lib/gcc/arm-none-eabi/9.2.1/../../../../arm-none-eabi/lib/thumb/v6-m/nofp\libcr_semihost_nf.a(__sys_appexit.o)
                0x000029e8                __sys_appexit
                0x000029e8                __exit
 .text._deferredlazyseek
                0x000029f4       0x40 c:/nxp/mcuxpressoide_11.2.0_4120/ide/plugins/com.nxp.mcuxpresso.tools.win32_11.2.0.202001021529/tools/bin/../lib/gcc/arm-none-eabi/9.2.1/../../../../arm-none-eabi/lib/thumb/v6-m/nofp\libcr_c.a(_deferredlazyseek.o)
                0x000029f4                _deferredlazyseek
 .text.__flsbuf
                0x00002a34      0x150 c:/nxp/mcuxpressoide_11.2.0_4120/ide/plugins/com.nxp.mcuxpresso.tools.win32_11.2.0.202001021529/tools/bin/../lib/gcc/arm-none-eabi/9.2.1/../../../../arm-none-eabi/lib/thumb/v6-m/nofp\libcr_c.a(_deferredlazyseek.o)
                0x00002a34                __flsbuf
 .text._fflush  0x00002b84       0x60 c:/nxp/mcuxpressoide_11.2.0_4120/ide/plugins/com.nxp.mcuxpresso.tools.win32_11.2.0.202001021529/tools/bin/../lib/gcc/arm-none-eabi/9.2.1/../../../../arm-none-eabi/lib/thumb/v6-m/nofp\libcr_c.a(_fflush.o)
                0x00002b84                _fflush
 .text._Cwritebuf
                0x00002be4       0x68 c:/nxp/mcuxpressoide_11.2.0_4120/ide/plugins/com.nxp.mcuxpresso.tools.win32_11.2.0.202001021529/tools/bin/../lib/gcc/arm-none-eabi/9.2.1/../../../../arm-none-eabi/lib/thumb/v6-m/nofp\libcr_c.a(_writebuf.o)
                0x00002be4                _Cwritebuf
 .text.malloc   0x00002c4c       0xd0 c:/nxp/mcuxpressoide_11.2.0_4120/ide/plugins/com.nxp.mcuxpresso.tools.win32_11.2.0.202001021529/tools/bin/../lib/gcc/arm-none-eabi/9.2.1/../../../../arm-none-eabi/lib/thumb/v6-m/nofp\libcr_c.a(alloc.o)
                0x00002c4c                malloc
 .text._Csys_alloc
                0x00002d1c       0x20 c:/nxp/mcuxpressoide_11.2.0_4120/ide/plugins/com.nxp.mcuxpresso.tools.win32_11.2.0.202001021529/tools/bin/../lib/gcc/arm-none-eabi/9.2.1/../../../../arm-none-eabi/lib/thumb/v6-m/nofp\libcr_c.a(alloc.o)
                0x00002d1c                _Csys_alloc
 .text.atan2    0x00002d3c      0x108 c:/nxp/mcuxpressoide_11.2.0_4120/ide/plugins/com.nxp.mcuxpresso.tools.win32_11.2.0.202001021529/tools/bin/../lib/gcc/arm-none-eabi/9.2.1/../../../../arm-none-eabi/lib/thumb/v6-m/nofp\libcr_c.a(atan2.o)
                0x00002d3c                atan2
 .text.fseek    0x00002e44       0xf4 c:/nxp/mcuxpressoide_11.2.0_4120/ide/plugins/com.nxp.mcuxpresso.tools.win32_11.2.0.202001021529/tools/bin/../lib/gcc/arm-none-eabi/9.2.1/../../../../arm-none-eabi/lib/thumb/v6-m/nofp\libcr_c.a(fseek.o)
                0x00002e44                fseek
 .text.ftell    0x00002f38       0x48 c:/nxp/mcuxpressoide_11.2.0_4120/ide/plugins/com.nxp.mcuxpresso.tools.win32_11.2.0.202001021529/tools/bin/../lib/gcc/arm-none-eabi/9.2.1/../../../../arm-none-eabi/lib/thumb/v6-m/nofp\libcr_c.a(ftell.o)
                0x00002f38                ftell
 .text.gets     0x00002f80       0x50 c:/nxp/mcuxpressoide_11.2.0_4120/ide/plugins/com.nxp.mcuxpresso.tools.win32_11.2.0.202001021529/tools/bin/../lib/gcc/arm-none-eabi/9.2.1/../../../../arm-none-eabi/lib/thumb/v6-m/nofp\libcr_c.a(gets.o)
                0x00002f80                gets
 .text._initio  0x00002fd0       0x7c c:/nxp/mcuxpressoide_11.2.0_4120/ide/plugins/com.nxp.mcuxpresso.tools.win32_11.2.0.202001021529/tools/bin/../lib/gcc/arm-none-eabi/9.2.1/../../../../arm-none-eabi/lib/thumb/v6-m/nofp\libcr_c.a(initio.o)
                0x00002fd0                _initio
 .text.__vfprintf
                0x0000304c      0xd40 c:/nxp/mcuxpressoide_11.2.0_4120/ide/plugins/com.nxp.mcuxpresso.tools.win32_11.2.0.202001021529/tools/bin/../lib/gcc/arm-none-eabi/9.2.1/../../../../arm-none-eabi/lib/thumb/v6-m/nofp\libcr_c.a(printf.o)
                0x0000304c                __vfprintf
 .text._vsnprintf
                0x00003d8c       0x70 c:/nxp/mcuxpressoide_11.2.0_4120/ide/plugins/com.nxp.mcuxpresso.tools.win32_11.2.0.202001021529/tools/bin/../lib/gcc/arm-none-eabi/9.2.1/../../../../arm-none-eabi/lib/thumb/v6-m/nofp\libcr_c.a(printf.o)
                0x00003d8c                _vsnprintf
 .text._printf  0x00003dfc       0x50 c:/nxp/mcuxpressoide_11.2.0_4120/ide/plugins/com.nxp.mcuxpresso.tools.win32_11.2.0.202001021529/tools/bin/../lib/gcc/arm-none-eabi/9.2.1/../../../../arm-none-eabi/lib/thumb/v6-m/nofp\libcr_c.a(printf.o)
                0x00003dfc                _printf
 .text.setvbuf  0x00003e4c       0x4c c:/nxp/mcuxpressoide_11.2.0_4120/ide/plugins/com.nxp.mcuxpresso.tools.win32_11.2.0.202001021529/tools/bin/../lib/gcc/arm-none-eabi/9.2.1/../../../../arm-none-eabi/lib/thumb/v6-m/nofp\libcr_c.a(setvbuf.o)
                0x00003e4c                setvbuf
 .text.strcmp   0x00003e98       0x44 c:/nxp/mcuxpressoide_11.2.0_4120/ide/plugins/com.nxp.mcuxpresso.tools.win32_11.2.0.202001021529/tools/bin/../lib/gcc/arm-none-eabi/9.2.1/../../../../arm-none-eabi/lib/thumb/v6-m/nofp\libcr_c.a(strcmp.o)
                0x00003e98                strcmp
 .text.strlen   0x00003edc       0x58 c:/nxp/mcuxpressoide_11.2.0_4120/ide/plugins/com.nxp.mcuxpresso.tools.win32_11.2.0.202001021529/tools/bin/../lib/gcc/arm-none-eabi/9.2.1/../../../../arm-none-eabi/lib/thumb/v6-m/nofp\libcr_c.a(strlen.o)
                0x00003edc                strlen
 .text.__filbuf
                0x00003f34      0x188 c:/nxp/mcuxpressoide_11.2.0_4120/ide/plugins/com.nxp.mcuxpresso.tools.win32_11.2.0.202001021529/tools/bin/../lib/gcc/arm-none-eabi/9.2.1/../../../../arm-none-eabi/lib/thumb/v6-m/nofp\libcr_c.a(__fillbuf.o)
                0x00003f34                __filbuf
 .text._sbrk    0x000040bc       0x44 c:/nxp/mcuxpressoide_11.2.0_4120/ide/plugins/com.nxp.mcuxpresso.tools.win32_11.2.0.202001021529/tools/bin/../lib/gcc/arm-none-eabi/9.2.1/../../../../arm-none-eabi/lib/thumb/v6-m/nofp\libcr_c.a(_cr_sbrk.o)
                0x000040bc                _sbrk
 .text._fdopen  0x00004100       0x74 c:/nxp/mcuxpressoide_11.2.0_4120/ide/plugins/com.nxp.mcuxpresso.tools.win32_11.2.0.202001021529/tools/bin/../lib/gcc/arm-none-eabi/9.2.1/../../../../arm-none-eabi/lib/thumb/v6-m/nofp\libcr_c.a(_fdopen.o)
                0x00004100                _fdopen
 .text._sincos  0x00004174      0x1dc c:/nxp/mcuxpressoide_11.2.0_4120/ide/plugins/com.nxp.mcuxpresso.tools.win32_11.2.0.202001021529/tools/bin/../lib/gcc/arm-none-eabi/9.2.1/../../../../arm-none-eabi/lib/thumb/v6-m/nofp\libcr_c.a(_sincos.o)
                0x00004174                _sincos
 .text.atan     0x00004350      0x204 c:/nxp/mcuxpressoide_11.2.0_4120/ide/plugins/com.nxp.mcuxpresso.tools.win32_11.2.0.202001021529/tools/bin/../lib/gcc/arm-none-eabi/9.2.1/../../../../arm-none-eabi/lib/thumb/v6-m/nofp\libcr_c.a(atan.o)
                0x00004350                atan
 .text.fclose   0x00004554       0x5c c:/nxp/mcuxpressoide_11.2.0_4120/ide/plugins/com.nxp.mcuxpresso.tools.win32_11.2.0.202001021529/tools/bin/../lib/gcc/arm-none-eabi/9.2.1/../../../../arm-none-eabi/lib/thumb/v6-m/nofp\libcr_c.a(fclose.o)
                0x00004554                fclose
 .text.fflush   0x000045b0       0x44 c:/nxp/mcuxpressoide_11.2.0_4120/ide/plugins/com.nxp.mcuxpresso.tools.win32_11.2.0.202001021529/tools/bin/../lib/gcc/arm-none-eabi/9.2.1/../../../../arm-none-eabi/lib/thumb/v6-m/nofp\libcr_c.a(fflush.o)
                0x000045b0                fflush
 .text.__check_heap_overflow
                0x000045f4       0x14 c:/nxp/mcuxpressoide_11.2.0_4120/ide/plugins/com.nxp.mcuxpresso.tools.win32_11.2.0.202001021529/tools/bin/../lib/gcc/arm-none-eabi/9.2.1/../../../../arm-none-eabi/lib/thumb/v6-m/nofp\libcr_c.a(_cr_check_heap.o)
                0x000045f4                __check_heap_overflow
 .text._do_fflush
                0x00004608       0x48 c:/nxp/mcuxpressoide_11.2.0_4120/ide/plugins/com.nxp.mcuxpresso.tools.win32_11.2.0.202001021529/tools/bin/../lib/gcc/arm-none-eabi/9.2.1/../../../../arm-none-eabi/lib/thumb/v6-m/nofp\libcr_c.a(_do_fflush.o)
                0x00004608                _do_fflush
 .text.__aeabi_dmul
                0x00004650      0x184 c:/nxp/mcuxpressoide_11.2.0_4120/ide/plugins/com.nxp.mcuxpresso.tools.win32_11.2.0.202001021529/tools/bin/../lib/gcc/arm-none-eabi/9.2.1/thumb/v6-m/nofp\libcr_eabihelpers.a(double.o)
                0x00004650                __aeabi_dmul
 .text.__aeabi_ddiv
                0x000047d4      0x150 c:/nxp/mcuxpressoide_11.2.0_4120/ide/plugins/com.nxp.mcuxpresso.tools.win32_11.2.0.202001021529/tools/bin/../lib/gcc/arm-none-eabi/9.2.1/thumb/v6-m/nofp\libcr_eabihelpers.a(double.o)
                0x000047d4                __aeabi_ddiv
 .text.__aeabi_dsub
                0x00004924      0x1e4 c:/nxp/mcuxpressoide_11.2.0_4120/ide/plugins/com.nxp.mcuxpresso.tools.win32_11.2.0.202001021529/tools/bin/../lib/gcc/arm-none-eabi/9.2.1/thumb/v6-m/nofp\libcr_eabihelpers.a(double.o)
                0x00004924                __aeabi_dsub
 .text.__aeabi_dadd
                0x00004b08      0x134 c:/nxp/mcuxpressoide_11.2.0_4120/ide/plugins/com.nxp.mcuxpresso.tools.win32_11.2.0.202001021529/tools/bin/../lib/gcc/arm-none-eabi/9.2.1/thumb/v6-m/nofp\libcr_eabihelpers.a(double.o)
                0x00004b08                __aeabi_dadd
 .text.__aeabi_d2iz
                0x00004c3c       0x50 c:/nxp/mcuxpressoide_11.2.0_4120/ide/plugins/com.nxp.mcuxpresso.tools.win32_11.2.0.202001021529/tools/bin/../lib/gcc/arm-none-eabi/9.2.1/thumb/v6-m/nofp\libcr_eabihelpers.a(double.o)
                0x00004c3c                __aeabi_d2iz
 .text.__aeabi_dcmpeq
                0x00004c8c       0x30 c:/nxp/mcuxpressoide_11.2.0_4120/ide/plugins/com.nxp.mcuxpresso.tools.win32_11.2.0.202001021529/tools/bin/../lib/gcc/arm-none-eabi/9.2.1/thumb/v6-m/nofp\libcr_eabihelpers.a(double.o)
                0x00004c8c                __aeabi_dcmpeq
 .text.__aeabi_dcmplt
                0x00004cbc       0x60 c:/nxp/mcuxpressoide_11.2.0_4120/ide/plugins/com.nxp.mcuxpresso.tools.win32_11.2.0.202001021529/tools/bin/../lib/gcc/arm-none-eabi/9.2.1/thumb/v6-m/nofp\libcr_eabihelpers.a(double.o)
                0x00004cbc                __aeabi_dcmplt
 .text.__aeabi_dcmpgt
                0x00004d1c       0x5c c:/nxp/mcuxpressoide_11.2.0_4120/ide/plugins/com.nxp.mcuxpresso.tools.win32_11.2.0.202001021529/tools/bin/../lib/gcc/arm-none-eabi/9.2.1/thumb/v6-m/nofp\libcr_eabihelpers.a(double.o)
                0x00004d1c                __aeabi_dcmpgt
 .text.__aeabi_dcmpge
                0x00004d78       0x64 c:/nxp/mcuxpressoide_11.2.0_4120/ide/plugins/com.nxp.mcuxpresso.tools.win32_11.2.0.202001021529/tools/bin/../lib/gcc/arm-none-eabi/9.2.1/thumb/v6-m/nofp\libcr_eabihelpers.a(double.o)
                0x00004d78                __aeabi_dcmpge
 .text.UART_EnableTx
                0x00004ddc       0x40 ./utilities/fsl_debug_console.o
 .text.UART_EnableRx
                0x00004e1c       0x40 ./utilities/fsl_debug_console.o
 .text.LPSCI_EnableTx
                0x00004e5c       0x40 ./utilities/fsl_debug_console.o
 .text.LPSCI_EnableRx
                0x00004e9c       0x40 ./utilities/fsl_debug_console.o
 .text.init_mma8451q
                0x00004edc       0x14 ./source/mma8451q.o
                0x00004edc                init_mma8451q
 .text.mma8451q_calibrate
                0x00004ef0       0x3c ./source/mma8451q.o
                0x00004ef0                mma8451q_calibrate
 .text.interpolate
                0x00004f2c       0x4c ./source/sine_generator.o
 .text.OSC_SetExtRefClkConfig
                0x00004f78       0x3e ./drivers/fsl_clock.o
 .text.OSC_SetCapLoad
                0x00004fb6       0x42 ./drivers/fsl_clock.o
 .text.CLOCK_GetPll0RefFreq
                0x00004ff8       0x10 ./drivers/fsl_clock.o
 .text.CLOCK_SetExternalRefClkConfig
                0x00005008       0x16 ./drivers/fsl_clock.o
                0x00005008                CLOCK_SetExternalRefClkConfig
 .text.LPSCI_GetStatusFlags
                0x0000501e       0x26 ./drivers/fsl_lpsci.o
                0x0000501e                LPSCI_GetStatusFlags
 .text.UART_GetStatusFlags
                0x00005044       0x26 ./drivers/fsl_uart.o
                0x00005044                UART_GetStatusFlags
 .text.UART_WriteBlocking
                0x0000506a       0x3c ./drivers/fsl_uart.o
                0x0000506a                UART_WriteBlocking
 .text.BOARD_InitBootClocks
                0x000050a6        0xe ./board/clock_config.o
                0x000050a6                BOARD_InitBootClocks
 .text.BOARD_InitBootPeripherals
                0x000050b4        0xa ./board/peripherals.o
                0x000050b4                BOARD_InitBootPeripherals
 .text.BOARD_InitBootPins
                0x000050be        0xe ./board/pin_mux.o
                0x000050be                BOARD_InitBootPins
 .text.__main   0x000050cc        0xc c:/nxp/mcuxpressoide_11.2.0_4120/ide/plugins/com.nxp.mcuxpresso.tools.win32_11.2.0.202001021529/tools/bin/../lib/gcc/arm-none-eabi/9.2.1/../../../../arm-none-eabi/lib/thumb/v6-m/nofp\libcr_semihost_nf.a(_cr__main.o)
                0x000050cc                __CR_SEMIHOST
                0x000050cc                __main
 .text.memcpy   0x000050d8        0x8 c:/nxp/mcuxpressoide_11.2.0_4120/ide/plugins/com.nxp.mcuxpresso.tools.win32_11.2.0.202001021529/tools/bin/../lib/gcc/arm-none-eabi/9.2.1/../../../../arm-none-eabi/lib/thumb/v6-m/nofp\libcr_c.a(memcpy.o)
                0x000050d8                memcpy
 .text.memset   0x000050e0        0x8 c:/nxp/mcuxpressoide_11.2.0_4120/ide/plugins/com.nxp.mcuxpresso.tools.win32_11.2.0.202001021529/tools/bin/../lib/gcc/arm-none-eabi/9.2.1/../../../../arm-none-eabi/lib/thumb/v6-m/nofp\libcr_c.a(memset.o)
                0x000050e0                memset
 .text.free     0x000050e8       0x2c c:/nxp/mcuxpressoide_11.2.0_4120/ide/plugins/com.nxp.mcuxpresso.tools.win32_11.2.0.202001021529/tools/bin/../lib/gcc/arm-none-eabi/9.2.1/../../../../arm-none-eabi/lib/thumb/v6-m/nofp\libcr_c.a(alloc.o)
                0x000050e8                free
 .text.fabs     0x00005114       0x22 c:/nxp/mcuxpressoide_11.2.0_4120/ide/plugins/com.nxp.mcuxpresso.tools.win32_11.2.0.202001021529/tools/bin/../lib/gcc/arm-none-eabi/9.2.1/../../../../arm-none-eabi/lib/thumb/v6-m/nofp\libcr_c.a(fabs.o)
                0x00005114                fabs
 .text.fputs    0x00005136       0x2e c:/nxp/mcuxpressoide_11.2.0_4120/ide/plugins/com.nxp.mcuxpresso.tools.win32_11.2.0.202001021529/tools/bin/../lib/gcc/arm-none-eabi/9.2.1/../../../../arm-none-eabi/lib/thumb/v6-m/nofp\libcr_c.a(fputs.o)
                0x00005136                fputs
 .text.no_fp_display
                0x00005164        0x4 c:/nxp/mcuxpressoide_11.2.0_4120/ide/plugins/com.nxp.mcuxpresso.tools.win32_11.2.0.202001021529/tools/bin/../lib/gcc/arm-none-eabi/9.2.1/../../../../arm-none-eabi/lib/thumb/v6-m/nofp\libcr_c.a(printf.o)
 .text.sin      0x00005168       0x36 c:/nxp/mcuxpressoide_11.2.0_4120/ide/plugins/com.nxp.mcuxpresso.tools.win32_11.2.0.202001021529/tools/bin/../lib/gcc/arm-none-eabi/9.2.1/../../../../arm-none-eabi/lib/thumb/v6-m/nofp\libcr_c.a(sin.o)
                0x00005168                sin
 .text._Csys_read_
                0x0000519e       0x24 c:/nxp/mcuxpressoide_11.2.0_4120/ide/plugins/com.nxp.mcuxpresso.tools.win32_11.2.0.202001021529/tools/bin/../lib/gcc/arm-none-eabi/9.2.1/../../../../arm-none-eabi/lib/thumb/v6-m/nofp\libcr_c.a(__fillbuf.o)
                0x0000519e                _Csys_read_
 .text.remove   0x000051c2       0x12 c:/nxp/mcuxpressoide_11.2.0_4120/ide/plugins/com.nxp.mcuxpresso.tools.win32_11.2.0.202001021529/tools/bin/../lib/gcc/arm-none-eabi/9.2.1/../../../../arm-none-eabi/lib/thumb/v6-m/nofp\libcr_c.a(remove.o)
                0x000051c2                remove
 .text.__aeabi_division_idivmod
                0x000051d4       0x78 c:/nxp/mcuxpressoide_11.2.0_4120/ide/plugins/com.nxp.mcuxpresso.tools.win32_11.2.0.202001021529/tools/bin/../lib/gcc/arm-none-eabi/9.2.1/thumb/v6-m/nofp\libcr_eabihelpers.a(division_32.o)
                0x000051d4                __aeabi_idivmod
                0x000051d4                __aeabi_idiv
                0x000051da                __aeabi_uidivmod
                0x000051da                __aeabi_uidiv
 .text.__aeabi_division_idiv0
                0x0000524c        0x2 c:/nxp/mcuxpressoide_11.2.0_4120/ide/plugins/com.nxp.mcuxpresso.tools.win32_11.2.0.202001021529/tools/bin/../lib/gcc/arm-none-eabi/9.2.1/thumb/v6-m/nofp\libcr_eabihelpers.a(division_idiv0.o)
                0x0000524c                __aeabi_idiv0
 .text.__bhs_ui2d
                0x0000524e       0x5e c:/nxp/mcuxpressoide_11.2.0_4120/ide/plugins/com.nxp.mcuxpresso.tools.win32_11.2.0.202001021529/tools/bin/../lib/gcc/arm-none-eabi/9.2.1/thumb/v6-m/nofp\libcr_eabihelpers.a(double.o)
                0x0000524e                __bhs_ui2d
 .text.__aeabi_i2d
                0x000052ac       0x18 c:/nxp/mcuxpressoide_11.2.0_4120/ide/plugins/com.nxp.mcuxpresso.tools.win32_11.2.0.202001021529/tools/bin/../lib/gcc/arm-none-eabi/9.2.1/thumb/v6-m/nofp\libcr_eabihelpers.a(double.o)
                0x000052ac                __aeabi_i2d
 .text.__aeabi_llong_lmul
                0x000052c4       0x2e c:/nxp/mcuxpressoide_11.2.0_4120/ide/plugins/com.nxp.mcuxpresso.tools.win32_11.2.0.202001021529/tools/bin/../lib/gcc/arm-none-eabi/9.2.1/thumb/v6-m/nofp\libcr_eabihelpers.a(llong.o)
                0x000052c4                __aeabi_lmul
 .text.__aeabi_memcpy
                0x000052f2       0x2c c:/nxp/mcuxpressoide_11.2.0_4120/ide/plugins/com.nxp.mcuxpresso.tools.win32_11.2.0.202001021529/tools/bin/../lib/gcc/arm-none-eabi/9.2.1/thumb/v6-m/nofp\libcr_eabihelpers.a(memcpy.o)
                0x000052f2                __aeabi_memcpy4
                0x000052f2                __aeabi_memcpy8
                0x000052f2                __aeabi_memcpy
 .text.__aeabi_memset_lowlevel
                0x0000531e       0x2a c:/nxp/mcuxpressoide_11.2.0_4120/ide/plugins/com.nxp.mcuxpresso.tools.win32_11.2.0.202001021529/tools/bin/../lib/gcc/arm-none-eabi/9.2.1/thumb/v6-m/nofp\libcr_eabihelpers.a(memcpy.o)
                0x0000531e                __aeabi_lowlevel_memset
 .text.__gnu_thumb1_case_shi
                0x00005348       0x10 c:/nxp/mcuxpressoide_11.2.0_4120/ide/plugins/com.nxp.mcuxpresso.tools.win32_11.2.0.202001021529/tools/bin/../lib/gcc/arm-none-eabi/9.2.1/thumb/v6-m/nofp\libcr_eabihelpers.a(thumb1_switch_helpers.o)
                0x00005348                __gnu_thumb1_case_shi
 .text.__sys_close
                0x00005358        0xc c:/nxp/mcuxpressoide_11.2.0_4120/ide/plugins/com.nxp.mcuxpresso.tools.win32_11.2.0.202001021529/tools/bin/../lib/gcc/arm-none-eabi/9.2.1/../../../../arm-none-eabi/lib/thumb/v6-m/nofp\libcr_semihost_nf.a(__sys_close.o)
                0x00005358                __sys_close
 .text.__sys_flen
                0x00005364        0xc c:/nxp/mcuxpressoide_11.2.0_4120/ide/plugins/com.nxp.mcuxpresso.tools.win32_11.2.0.202001021529/tools/bin/../lib/gcc/arm-none-eabi/9.2.1/../../../../arm-none-eabi/lib/thumb/v6-m/nofp\libcr_semihost_nf.a(__sys_flen.o)
                0x00005364                __sys_flen
 .text.__sys_istty
                0x00005370        0xc c:/nxp/mcuxpressoide_11.2.0_4120/ide/plugins/com.nxp.mcuxpresso.tools.win32_11.2.0.202001021529/tools/bin/../lib/gcc/arm-none-eabi/9.2.1/../../../../arm-none-eabi/lib/thumb/v6-m/nofp\libcr_semihost_nf.a(__sys_istty.o)
                0x00005370                __sys_istty
 .text.__sys_read
                0x0000537c        0xc c:/nxp/mcuxpressoide_11.2.0_4120/ide/plugins/com.nxp.mcuxpresso.tools.win32_11.2.0.202001021529/tools/bin/../lib/gcc/arm-none-eabi/9.2.1/../../../../arm-none-eabi/lib/thumb/v6-m/nofp\libcr_semihost_nf.a(__sys_read.o)
                0x0000537c                __sys_read
 .text.__sys_readc
                0x00005388        0x8 c:/nxp/mcuxpressoide_11.2.0_4120/ide/plugins/com.nxp.mcuxpresso.tools.win32_11.2.0.202001021529/tools/bin/../lib/gcc/arm-none-eabi/9.2.1/../../../../arm-none-eabi/lib/thumb/v6-m/nofp\libcr_semihost_nf.a(__sys_readc.o)
                0x00005388                __sys_readc
                0x00005388                __readc
 .text.__sys_remove
                0x00005390        0xc c:/nxp/mcuxpressoide_11.2.0_4120/ide/plugins/com.nxp.mcuxpresso.tools.win32_11.2.0.202001021529/tools/bin/../lib/gcc/arm-none-eabi/9.2.1/../../../../arm-none-eabi/lib/thumb/v6-m/nofp\libcr_semihost_nf.a(__sys_remove.o)
                0x00005390                __sys_remove
 .text.__sys_seek
                0x0000539c        0xc c:/nxp/mcuxpressoide_11.2.0_4120/ide/plugins/com.nxp.mcuxpresso.tools.win32_11.2.0.202001021529/tools/bin/../lib/gcc/arm-none-eabi/9.2.1/../../../../arm-none-eabi/lib/thumb/v6-m/nofp\libcr_semihost_nf.a(__sys_seek.o)
                0x0000539c                __sys_seek
 .text.__sys_tmpnam
                0x000053a8        0xc c:/nxp/mcuxpressoide_11.2.0_4120/ide/plugins/com.nxp.mcuxpresso.tools.win32_11.2.0.202001021529/tools/bin/../lib/gcc/arm-none-eabi/9.2.1/../../../../arm-none-eabi/lib/thumb/v6-m/nofp\libcr_semihost_nf.a(__sys_tmpnam.o)
                0x000053a8                __sys_tmpnam
 .text.__sys_write
                0x000053b4        0xc c:/nxp/mcuxpressoide_11.2.0_4120/ide/plugins/com.nxp.mcuxpresso.tools.win32_11.2.0.202001021529/tools/bin/../lib/gcc/arm-none-eabi/9.2.1/../../../../arm-none-eabi/lib/thumb/v6-m/nofp\libcr_semihost_nf.a(__sys_write.o)
                0x000053b4                __sys_write
 *(SORT_BY_ALIGNMENT(.rodata) SORT_BY_ALIGNMENT(.rodata.*) SORT_BY_ALIGNMENT(.constdata) SORT_BY_ALIGNMENT(.constdata.*))
 .rodata.a.3949
                0x000053c0       0x20 c:/nxp/mcuxpressoide_11.2.0_4120/ide/plugins/com.nxp.mcuxpresso.tools.win32_11.2.0.202001021529/tools/bin/../lib/gcc/arm-none-eabi/9.2.1/../../../../arm-none-eabi/lib/thumb/v6-m/nofp\libcr_c.a(atan.o)
 .rodata.main.str1.4
                0x000053e0      0x379 ./source/PES_Assignment_7.o
 *fill*         0x00005759        0x3 ff
 .rodata        0x0000575c       0x4c ./source/PES_Assignment_7.o
 .rodata.mma8451q_test.str1.4
                0x000057a8      0x122 ./source/mma8451q.o
 *fill*         0x000058ca        0x2 ff
 .rodata.tone_to_samples.str1.4
                0x000058cc       0x4c ./source/sample_generator.o
 .rodata.adc_analysis.str1.4
                0x00005918       0x70 ./source/sample_generator.o
 .rodata.sine_lookup_table
                0x00005988       0x42 ./source/sine_generator.o
 *fill*         0x000059ca        0x2 ff
 .rodata.sine_generate.str1.4
                0x000059cc       0x2d ./source/sine_generator.o
 *fill*         0x000059f9        0x3 ff
 .rodata.test_sine.str1.4
                0x000059fc       0x2b ./source/sine_test.o
 *fill*         0x00005a27        0x1 ff
 .rodata.CLOCK_GetMcgExtClkFreq.str1.4
                0x00005a28       0x1f ./drivers/fsl_clock.o
 *fill*         0x00005a47        0x1 ff
 .rodata.CLOCK_GetPll0Freq.str1.4
                0x00005a48       0x1e ./drivers/fsl_clock.o
 *fill*         0x00005a66        0x2 ff
 .rodata.CLOCK_EnablePll0.str1.4
                0x00005a68       0x1a ./drivers/fsl_clock.o
 *fill*         0x00005a82        0x2 ff
 .rodata.CLOCK_SetPbeMode.str1.4
                0x00005a84       0x1b ./drivers/fsl_clock.o
 *fill*         0x00005a9f        0x1 ff
 .rodata.CLOCK_BootToPeeMode.str1.4
                0x00005aa0       0x1b ./drivers/fsl_clock.o
 *fill*         0x00005abb        0x1 ff
 .rodata.fllFactorTable.5210
                0x00005abc       0x10 ./drivers/fsl_clock.o
 .rodata.LPSCI_GetInstance.str1.4
                0x00005acc       0x37 ./drivers/fsl_lpsci.o
 *fill*         0x00005b03        0x1 ff
 .rodata.LPSCI_Init.str1.4
                0x00005b04       0x44 ./drivers/fsl_lpsci.o
 .rodata.LPSCI_GetDefaultConfig.str1.4
                0x00005b48       0x1a ./drivers/fsl_lpsci.o
 *fill*         0x00005b62        0x2 ff
 .rodata.LPSCI_WriteBlocking.str1.4
                0x00005b64       0x18 ./drivers/fsl_lpsci.o
 .rodata.LPSCI_ReadBlocking.str1.4
                0x00005b7c       0x18 ./drivers/fsl_lpsci.o
 .rodata.s_uartBases
                0x00005b94        0xc ./drivers/fsl_uart.o
 .rodata.s_uartClock
                0x00005ba0        0xc ./drivers/fsl_uart.o
 .rodata.UART_GetInstance.str1.4
                0x00005bac       0x2c ./drivers/fsl_uart.o
 .rodata.UART_Init.str1.4
                0x00005bd8       0x43 ./drivers/fsl_uart.o
 *fill*         0x00005c1b        0x1 ff
 .rodata.UART_GetDefaultConfig.str1.4
                0x00005c1c       0x19 ./drivers/fsl_uart.o
 *fill*         0x00005c35        0x3 ff
 .rodata.UART_ReadBlocking.str1.4
                0x00005c38       0x17 ./drivers/fsl_uart.o
 *fill*         0x00005c4f        0x1 ff
 .rodata.mcgConfig_BOARD_BootClockRUN
                0x00005c50        0xa ./board/clock_config.o
                0x00005c50                mcgConfig_BOARD_BootClockRUN
 *fill*         0x00005c5a        0x2 ff
 .rodata.simConfig_BOARD_BootClockRUN
                0x00005c5c        0x8 ./board/clock_config.o
                0x00005c5c                simConfig_BOARD_BootClockRUN
 .rodata.oscConfig_BOARD_BootClockRUN
                0x00005c64        0x8 ./board/clock_config.o
                0x00005c64                oscConfig_BOARD_BootClockRUN
 .rodata.__num_Ciob_streams
                0x00005c6c        0x4 c:/nxp/mcuxpressoide_11.2.0_4120/ide/plugins/com.nxp.mcuxpresso.tools.win32_11.2.0.202001021529/tools/bin/../lib/gcc/arm-none-eabi/9.2.1/../../../../arm-none-eabi/lib/thumb/v6-m/nofp\libcr_semihost_nf.a(__ciob.o)
                0x00005c6c                __num_Ciob_streams
 .rodata.__assertion_failed.str1.1
                0x00005c70       0x15 c:/nxp/mcuxpressoide_11.2.0_4120/ide/plugins/com.nxp.mcuxpresso.tools.win32_11.2.0.202001021529/tools/bin/../lib/gcc/arm-none-eabi/9.2.1/../../../../arm-none-eabi/lib/thumb/v6-m/nofp\libcr_semihost_nf.a(_cr_assert.o)
 .rodata._Csys_alloc.str1.1
                0x00005c85       0x18 c:/nxp/mcuxpressoide_11.2.0_4120/ide/plugins/com.nxp.mcuxpresso.tools.win32_11.2.0.202001021529/tools/bin/../lib/gcc/arm-none-eabi/9.2.1/../../../../arm-none-eabi/lib/thumb/v6-m/nofp\libcr_c.a(alloc.o)
 .rodata._initio.str1.1
                0x00005c9d        0x4 c:/nxp/mcuxpressoide_11.2.0_4120/ide/plugins/com.nxp.mcuxpresso.tools.win32_11.2.0.202001021529/tools/bin/../lib/gcc/arm-none-eabi/9.2.1/../../../../arm-none-eabi/lib/thumb/v6-m/nofp\libcr_c.a(initio.o)
 .rodata.__vfprintf.str1.1
                0x00005ca1       0x35 c:/nxp/mcuxpressoide_11.2.0_4120/ide/plugins/com.nxp.mcuxpresso.tools.win32_11.2.0.202001021529/tools/bin/../lib/gcc/arm-none-eabi/9.2.1/../../../../arm-none-eabi/lib/thumb/v6-m/nofp\libcr_c.a(printf.o)
                                 0x38 (size before relaxing)
                0x00005cd8                . = ALIGN (0x4)
 *fill*         0x00005cd6        0x2 ff

.glue_7         0x00005cd8        0x0
 .glue_7        0x00005cd8        0x0 linker stubs

.glue_7t        0x00005cd8        0x0
 .glue_7t       0x00005cd8        0x0 linker stubs

.vfp11_veneer   0x00005cd8        0x0
 .vfp11_veneer  0x00005cd8        0x0 linker stubs

.v4_bx          0x00005cd8        0x0
 .v4_bx         0x00005cd8        0x0 linker stubs

.iplt           0x00005cd8        0x0
 .iplt          0x00005cd8        0x0 ./utilities/fsl_debug_console.o

.rel.dyn        0x00005cd8        0x0
 .rel.iplt      0x00005cd8        0x0 ./utilities/fsl_debug_console.o

.ARM.extab
 *(SORT_BY_ALIGNMENT(.ARM.extab*) SORT_BY_ALIGNMENT(.gnu.linkonce.armextab.*))

.ARM.exidx      0x00005cd8        0x0
                0x00005cd8                __exidx_start = .
 *(SORT_BY_ALIGNMENT(.ARM.exidx*) SORT_BY_ALIGNMENT(.gnu.linkonce.armexidx.*))
                0x00005cd8                __exidx_end = .
                0x00005cd8                _etext = .

.m_usb_data
 *(SORT_BY_ALIGNMENT(m_usb_bdt))

.mtb_buffer_default
                0x1ffff000       0x80
 *(SORT_BY_ALIGNMENT(.mtb*))
 .mtb.$RAM1     0x1ffff000       0x80 ./source/mtb.o
                0x1ffff000                __mtb_buffer__

.uninit_RESERVED
                0x1ffff080        0x0
                0x1ffff080                _start_uninit_RESERVED = .
 *(SORT_BY_ALIGNMENT(.bss.$RESERVED*))
                0x1ffff080                . = ALIGN (0x4)
                0x1ffff080                _end_uninit_RESERVED = .

.data           0x1ffff080        0x8 load address 0x00005cd8
 FILL mask 0xff
                0x1ffff080                _data = .
                [!provide]                PROVIDE (__start_data_RAM = .)
                [!provide]                PROVIDE (__start_data_SRAM = .)
 *(SORT_BY_ALIGNMENT(vtable))
 *(SORT_BY_ALIGNMENT(.ramfunc*))
 *(SORT_BY_ALIGNMENT(CodeQuickAccess))
 *(SORT_BY_ALIGNMENT(DataQuickAccess))
 *(SORT_BY_ALIGNMENT(RamFunction))
 *(SORT_BY_ALIGNMENT(.data*))
 .data.s_slowIrcFreq
                0x1ffff080        0x4 ./drivers/fsl_clock.o
 .data.SystemCoreClock
                0x1ffff084        0x4 ./CMSIS/system_MKL25Z4.o
                0x1ffff084                SystemCoreClock
                0x1ffff088                . = ALIGN (0x4)
                0x1ffff088                _edata = .
                [!provide]                PROVIDE (__end_data_RAM = .)
                [!provide]                PROVIDE (__end_data_SRAM = .)

.igot.plt       0x1ffff088        0x0 load address 0x00005ce0
 .igot.plt      0x1ffff088        0x0 ./utilities/fsl_debug_console.o

.bss            0x1ffff088      0x8f4
                0x1ffff088                _bss = .
                [!provide]                PROVIDE (__start_bss_RAM = .)
                [!provide]                PROVIDE (__start_bss_SRAM = .)
 *(SORT_BY_ALIGNMENT(.bss*))
 .bss.s_debugConsole
                0x1ffff088       0x10 ./utilities/fsl_debug_console.o
 .bss.buffer_g  0x1ffff098      0x800 ./source/DAC.o
 .bss.count_g   0x1ffff898        0x4 ./source/DAC.o
 .bss.lock_detect_g
                0x1ffff89c        0x4 ./source/i2c.o
                0x1ffff89c                lock_detect_g
 .bss.g_xtal0Freq
                0x1ffff8a0        0x4 ./drivers/fsl_clock.o
                0x1ffff8a0                g_xtal0Freq
 .bss.s_lpsciHandle
                0x1ffff8a4        0x4 ./drivers/fsl_lpsci.o
 .bss.s_lpsciIsr
                0x1ffff8a8        0x4 ./drivers/fsl_lpsci.o
 .bss.s_uartHandle
                0x1ffff8ac        0xc ./drivers/fsl_uart.o
 .bss.s_uartIsr
                0x1ffff8b8        0x4 ./drivers/fsl_uart.o
 .bss.__Ciob    0x1ffff8bc       0xb4 c:/nxp/mcuxpressoide_11.2.0_4120/ide/plugins/com.nxp.mcuxpresso.tools.win32_11.2.0.202001021529/tools/bin/../lib/gcc/arm-none-eabi/9.2.1/../../../../arm-none-eabi/lib/thumb/v6-m/nofp\libcr_semihost_nf.a(__ciob.o)
                0x1ffff8bc                __Ciob
 .bss.errno     0x1ffff970        0x4 c:/nxp/mcuxpressoide_11.2.0_4120/ide/plugins/com.nxp.mcuxpresso.tools.win32_11.2.0.202001021529/tools/bin/../lib/gcc/arm-none-eabi/9.2.1/../../../../arm-none-eabi/lib/thumb/v6-m/nofp\libcr_c.a(errno.o)
                0x1ffff970                errno
 .bss.__end_of_heap
                0x1ffff974        0x4 c:/nxp/mcuxpressoide_11.2.0_4120/ide/plugins/com.nxp.mcuxpresso.tools.win32_11.2.0.202001021529/tools/bin/../lib/gcc/arm-none-eabi/9.2.1/../../../../arm-none-eabi/lib/thumb/v6-m/nofp\libcr_c.a(__init_alloc.o)
                0x1ffff974                __end_of_heap
 .bss.__heaps   0x1ffff978        0x4 c:/nxp/mcuxpressoide_11.2.0_4120/ide/plugins/com.nxp.mcuxpresso.tools.win32_11.2.0.202001021529/tools/bin/../lib/gcc/arm-none-eabi/9.2.1/../../../../arm-none-eabi/lib/thumb/v6-m/nofp\libcr_c.a(__init_alloc.o)
                0x1ffff978                __heaps
 *(SORT_BY_ALIGNMENT(COMMON))
                0x1ffff97c                . = ALIGN (0x4)
                0x1ffff97c                _ebss = .
                [!provide]                PROVIDE (__end_bss_RAM = .)
                [!provide]                PROVIDE (__end_bss_SRAM = .)
                [!provide]                PROVIDE (end = .)

.noinit         0x1ffff97c        0x0
                0x1ffff97c                _noinit = .
                [!provide]                PROVIDE (__start_noinit_RAM = .)
                [!provide]                PROVIDE (__start_noinit_SRAM = .)
 *(SORT_BY_ALIGNMENT(.noinit*))
                0x1ffff97c                . = ALIGN (0x4)
                0x1ffff97c                _end_noinit = .
                [!provide]                PROVIDE (__end_noinit_RAM = .)
                [!provide]                PROVIDE (__end_noinit_SRAM = .)
                0x00000400                _HeapSize = 0x400

.heap           0x1ffff97c      0x400
                0x1ffff97c                _pvHeapStart = .
                0x1ffffd7c                . = (. + _HeapSize)
 *fill*         0x1ffff97c      0x400 
                0x1ffffd7c                . = ALIGN (0x4)
                0x1ffffd7c                _pvHeapLimit = .
                0x00000400                _StackSize = 0x400

.heap2stackfill
                0x1ffffd7c      0x400
                0x2000017c                . = (. + _StackSize)
 *fill*         0x1ffffd7c      0x400 

.stack          0x20002c00        0x0
                0x20002c00                _vStackBase = .
                0x20002c00                . = ALIGN (0x4)
                0x20003000                _vStackTop = (. + _StackSize)
                0x00000000                _image_start = LOADADDR (.text)
                0x00005ce0                _image_end = (LOADADDR (.data) + SIZEOF (.data))
                0x00005ce0                _image_size = (_image_end - _image_start)
OUTPUT(PES_Assignment_7.axf elf32-littlearm)

.debug_info     0x00000000     0x9c66
 .debug_info    0x00000000      0x9b5 ./utilities/fsl_debug_console.o
 .debug_info    0x000009b5      0x4df ./startup/startup_mkl25z4.o
 .debug_info    0x00000e94      0x746 ./source/ADC.o
 .debug_info    0x000015da      0xa06 ./source/DAC.o
 .debug_info    0x00001fe0      0x600 ./source/PES_Assignment_7.o
 .debug_info    0x000025e0      0x1e2 ./source/autocorrelate.o
 .debug_info    0x000027c2      0x1fb ./source/delay.o
 .debug_info    0x000029bd      0x686 ./source/i2c.o
 .debug_info    0x00003043      0x306 ./source/mma8451q.o
 .debug_info    0x00003349       0x53 ./source/mtb.o
 .debug_info    0x0000339c      0x308 ./source/sample_generator.o
 .debug_info    0x000036a4       0x3c ./source/semihost_hardfault.o
 .debug_info    0x000036e0      0x2f4 ./source/sine_generator.o
 .debug_info    0x000039d4      0x265 ./source/sine_test.o
 .debug_info    0x00003c39     0x1a97 ./drivers/fsl_clock.o
 .debug_info    0x000056d0     0x1469 ./drivers/fsl_lpsci.o
 .debug_info    0x00006b39     0x140a ./drivers/fsl_uart.o
 .debug_info    0x00007f43      0x80b ./board/board.o
 .debug_info    0x0000874e      0xb00 ./board/clock_config.o
 .debug_info    0x0000924e       0x3c ./board/peripherals.o
 .debug_info    0x0000928a      0x5a3 ./board/pin_mux.o
 .debug_info    0x0000982d      0x439 ./CMSIS/system_MKL25Z4.o

.debug_abbrev   0x00000000     0x224f
 .debug_abbrev  0x00000000      0x21b ./utilities/fsl_debug_console.o
 .debug_abbrev  0x0000021b      0x18d ./startup/startup_mkl25z4.o
 .debug_abbrev  0x000003a8      0x1c6 ./source/ADC.o
 .debug_abbrev  0x0000056e      0x22a ./source/DAC.o
 .debug_abbrev  0x00000798      0x164 ./source/PES_Assignment_7.o
 .debug_abbrev  0x000008fc       0xfd ./source/autocorrelate.o
 .debug_abbrev  0x000009f9       0xee ./source/delay.o
 .debug_abbrev  0x00000ae7      0x1db ./source/i2c.o
 .debug_abbrev  0x00000cc2      0x148 ./source/mma8451q.o
 .debug_abbrev  0x00000e0a       0x46 ./source/mtb.o
 .debug_abbrev  0x00000e50      0x11f ./source/sample_generator.o
 .debug_abbrev  0x00000f6f       0x31 ./source/semihost_hardfault.o
 .debug_abbrev  0x00000fa0      0x11d ./source/sine_generator.o
 .debug_abbrev  0x000010bd       0xee ./source/sine_test.o
 .debug_abbrev  0x000011ab      0x36f ./drivers/fsl_clock.o
 .debug_abbrev  0x0000151a      0x309 ./drivers/fsl_lpsci.o
 .debug_abbrev  0x00001823      0x323 ./drivers/fsl_uart.o
 .debug_abbrev  0x00001b46      0x1a7 ./board/board.o
 .debug_abbrev  0x00001ced      0x220 ./board/clock_config.o
 .debug_abbrev  0x00001f0d       0x31 ./board/peripherals.o
 .debug_abbrev  0x00001f3e      0x1bb ./board/pin_mux.o
 .debug_abbrev  0x000020f9      0x156 ./CMSIS/system_MKL25Z4.o

.debug_aranges  0x00000000      0x8f0
 .debug_aranges
                0x00000000       0x48 ./utilities/fsl_debug_console.o
 .debug_aranges
                0x00000048      0x160 ./startup/startup_mkl25z4.o
 .debug_aranges
                0x000001a8       0x38 ./source/ADC.o
 .debug_aranges
                0x000001e0       0x58 ./source/DAC.o
 .debug_aranges
                0x00000238       0x20 ./source/PES_Assignment_7.o
 .debug_aranges
                0x00000258       0x20 ./source/autocorrelate.o
 .debug_aranges
                0x00000278       0x20 ./source/delay.o
 .debug_aranges
                0x00000298       0x58 ./source/i2c.o
 .debug_aranges
                0x000002f0       0x38 ./source/mma8451q.o
 .debug_aranges
                0x00000328       0x18 ./source/mtb.o
 .debug_aranges
                0x00000340       0x28 ./source/sample_generator.o
 .debug_aranges
                0x00000368       0x20 ./source/semihost_hardfault.o
 .debug_aranges
                0x00000388       0x28 ./source/sine_generator.o
 .debug_aranges
                0x000003b0       0x20 ./source/sine_test.o
 .debug_aranges
                0x000003d0      0x1d8 ./drivers/fsl_clock.o
 .debug_aranges
                0x000005a8      0x118 ./drivers/fsl_lpsci.o
 .debug_aranges
                0x000006c0      0x130 ./drivers/fsl_uart.o
 .debug_aranges
                0x000007f0       0x28 ./board/board.o
 .debug_aranges
                0x00000818       0x58 ./board/clock_config.o
 .debug_aranges
                0x00000870       0x20 ./board/peripherals.o
 .debug_aranges
                0x00000890       0x38 ./board/pin_mux.o
 .debug_aranges
                0x000008c8       0x28 ./CMSIS/system_MKL25Z4.o

.debug_ranges   0x00000000      0x788
 .debug_ranges  0x00000000       0x38 ./utilities/fsl_debug_console.o
 .debug_ranges  0x00000038      0x150 ./startup/startup_mkl25z4.o
 .debug_ranges  0x00000188       0x28 ./source/ADC.o
 .debug_ranges  0x000001b0       0x48 ./source/DAC.o
 .debug_ranges  0x000001f8       0x10 ./source/PES_Assignment_7.o
 .debug_ranges  0x00000208       0x10 ./source/autocorrelate.o
 .debug_ranges  0x00000218       0x10 ./source/delay.o
 .debug_ranges  0x00000228       0x48 ./source/i2c.o
 .debug_ranges  0x00000270       0x28 ./source/mma8451q.o
 .debug_ranges  0x00000298       0x18 ./source/sample_generator.o
 .debug_ranges  0x000002b0       0x10 ./source/semihost_hardfault.o
 .debug_ranges  0x000002c0       0x18 ./source/sine_generator.o
 .debug_ranges  0x000002d8       0x10 ./source/sine_test.o
 .debug_ranges  0x000002e8      0x1c8 ./drivers/fsl_clock.o
 .debug_ranges  0x000004b0      0x108 ./drivers/fsl_lpsci.o
 .debug_ranges  0x000005b8      0x120 ./drivers/fsl_uart.o
 .debug_ranges  0x000006d8       0x18 ./board/board.o
 .debug_ranges  0x000006f0       0x48 ./board/clock_config.o
 .debug_ranges  0x00000738       0x10 ./board/peripherals.o
 .debug_ranges  0x00000748       0x28 ./board/pin_mux.o
 .debug_ranges  0x00000770       0x18 ./CMSIS/system_MKL25Z4.o

.debug_macro    0x00000000     0x94ff
 .debug_macro   0x00000000      0x13a ./utilities/fsl_debug_console.o
 .debug_macro   0x0000013a      0xab4 ./utilities/fsl_debug_console.o
 .debug_macro   0x00000bee       0x10 ./utilities/fsl_debug_console.o
 .debug_macro   0x00000bfe       0x16 ./utilities/fsl_debug_console.o
 .debug_macro   0x00000c14       0x10 ./utilities/fsl_debug_console.o
 .debug_macro   0x00000c24      0x12e ./utilities/fsl_debug_console.o
 .debug_macro   0x00000d52       0x28 ./utilities/fsl_debug_console.o
 .debug_macro   0x00000d7a       0xc4 ./utilities/fsl_debug_console.o
 .debug_macro   0x00000e3e       0x16 ./utilities/fsl_debug_console.o
 .debug_macro   0x00000e54       0x22 ./utilities/fsl_debug_console.o
 .debug_macro   0x00000e76      0x5b3 ./utilities/fsl_debug_console.o
 .debug_macro   0x00001429       0x10 ./utilities/fsl_debug_console.o
 .debug_macro   0x00001439       0x3f ./utilities/fsl_debug_console.o
 .debug_macro   0x00001478       0x3a ./utilities/fsl_debug_console.o
 .debug_macro   0x000014b2       0x26 ./utilities/fsl_debug_console.o
 .debug_macro   0x000014d8      0x329 ./utilities/fsl_debug_console.o
 .debug_macro   0x00001801       0x30 ./utilities/fsl_debug_console.o
 .debug_macro   0x00001831     0x51e2 ./utilities/fsl_debug_console.o
 .debug_macro   0x00006a13     0x1352 ./utilities/fsl_debug_console.o
 .debug_macro   0x00007d65       0x3a ./utilities/fsl_debug_console.o
 .debug_macro   0x00007d9f       0xf4 ./utilities/fsl_debug_console.o
 .debug_macro   0x00007e93       0x35 ./utilities/fsl_debug_console.o
 .debug_macro   0x00007ec8       0xd2 ./utilities/fsl_debug_console.o
 .debug_macro   0x00007f9a       0x2e ./utilities/fsl_debug_console.o
 .debug_macro   0x00007fc8       0x10 ./utilities/fsl_debug_console.o
 .debug_macro   0x00007fd8       0x10 ./utilities/fsl_debug_console.o
 .debug_macro   0x00007fe8       0x29 ./startup/startup_mkl25z4.o
 .debug_macro   0x00008011       0xb6 ./source/ADC.o
 .debug_macro   0x000080c7       0x34 ./source/ADC.o
 .debug_macro   0x000080fb       0xd8 ./source/ADC.o
 .debug_macro   0x000081d3       0x10 ./source/ADC.o
 .debug_macro   0x000081e3       0xc4 ./source/DAC.o
 .debug_macro   0x000082a7       0x16 ./source/DAC.o
 .debug_macro   0x000082bd      0x1ca ./source/PES_Assignment_7.o
 .debug_macro   0x00008487       0x16 ./source/PES_Assignment_7.o
 .debug_macro   0x0000849d       0x10 ./source/PES_Assignment_7.o
 .debug_macro   0x000084ad      0x112 ./source/PES_Assignment_7.o
 .debug_macro   0x000085bf       0x34 ./source/PES_Assignment_7.o
 .debug_macro   0x000085f3       0x22 ./source/PES_Assignment_7.o
 .debug_macro   0x00008615       0x4c ./source/PES_Assignment_7.o
 .debug_macro   0x00008661       0x10 ./source/PES_Assignment_7.o
 .debug_macro   0x00008671       0x64 ./source/PES_Assignment_7.o
 .debug_macro   0x000086d5       0x58 ./source/autocorrelate.o
 .debug_macro   0x0000872d       0x62 ./source/delay.o
 .debug_macro   0x0000878f       0xb7 ./source/i2c.o
 .debug_macro   0x00008846       0x46 ./source/i2c.o
 .debug_macro   0x0000888c       0xe8 ./source/mma8451q.o
 .debug_macro   0x00008974       0x2f ./source/mtb.o
 .debug_macro   0x000089a3       0x82 ./source/mtb.o
 .debug_macro   0x00008a25       0x10 ./source/mtb.o
 .debug_macro   0x00008a35      0x12f ./source/sample_generator.o
 .debug_macro   0x00008b64       0x11 ./source/semihost_hardfault.o
 .debug_macro   0x00008b75       0xcc ./source/sine_generator.o
 .debug_macro   0x00008c41      0x11a ./source/sine_test.o
 .debug_macro   0x00008d5b      0x196 ./drivers/fsl_clock.o
 .debug_macro   0x00008ef1       0x1c ./drivers/fsl_clock.o
 .debug_macro   0x00008f0d       0xec ./drivers/fsl_lpsci.o
 .debug_macro   0x00008ff9       0xf2 ./drivers/fsl_uart.o
 .debug_macro   0x000090eb      0x12b ./board/board.o
 .debug_macro   0x00009216      0x123 ./board/clock_config.o
 .debug_macro   0x00009339       0x1b ./board/peripherals.o
 .debug_macro   0x00009354      0x107 ./board/pin_mux.o
 .debug_macro   0x0000945b       0x10 ./board/pin_mux.o
 .debug_macro   0x0000946b       0x94 ./CMSIS/system_MKL25Z4.o

.debug_line     0x00000000     0x6a89
 .debug_line    0x00000000      0x4a0 ./utilities/fsl_debug_console.o
 .debug_line    0x000004a0      0x1e7 ./startup/startup_mkl25z4.o
 .debug_line    0x00000687      0x3b4 ./source/ADC.o
 .debug_line    0x00000a3b      0x3ff ./source/DAC.o
 .debug_line    0x00000e3a      0x553 ./source/PES_Assignment_7.o
 .debug_line    0x0000138d      0x2b1 ./source/autocorrelate.o
 .debug_line    0x0000163e      0x1ab ./source/delay.o
 .debug_line    0x000017e9      0x50c ./source/i2c.o
 .debug_line    0x00001cf5      0x41d ./source/mma8451q.o
 .debug_line    0x00002112       0xd1 ./source/mtb.o
 .debug_line    0x000021e3      0x493 ./source/sample_generator.o
 .debug_line    0x00002676       0x59 ./source/semihost_hardfault.o
 .debug_line    0x000026cf      0x2f6 ./source/sine_generator.o
 .debug_line    0x000029c5      0x3e0 ./source/sine_test.o
 .debug_line    0x00002da5     0x1304 ./drivers/fsl_clock.o
 .debug_line    0x000040a9      0xd7d ./drivers/fsl_lpsci.o
 .debug_line    0x00004e26      0xd6c ./drivers/fsl_uart.o
 .debug_line    0x00005b92      0x3cf ./board/board.o
 .debug_line    0x00005f61      0x409 ./board/clock_config.o
 .debug_line    0x0000636a       0x5c ./board/peripherals.o
 .debug_line    0x000063c6      0x390 ./board/pin_mux.o
 .debug_line    0x00006756      0x333 ./CMSIS/system_MKL25Z4.o

.debug_str      0x00000000    0x366a5
 .debug_str     0x00000000    0x31606 ./utilities/fsl_debug_console.o
                              0x31853 (size before relaxing)
 .debug_str     0x00031606      0x3e1 ./startup/startup_mkl25z4.o
                               0x3217 (size before relaxing)
 .debug_str     0x000319e7      0x241 ./source/ADC.o
                              0x2933d (size before relaxing)
 .debug_str     0x00031c28      0x3a4 ./source/DAC.o
                              0x292c6 (size before relaxing)
 .debug_str     0x00031fcc     0x11d4 ./source/PES_Assignment_7.o
                              0x31bd5 (size before relaxing)
 .debug_str     0x000331a0       0xdb ./source/autocorrelate.o
                               0x46bd (size before relaxing)
 .debug_str     0x0003327b       0x1e ./source/delay.o
                               0x48fd (size before relaxing)
 .debug_str     0x00033299       0xd6 ./source/i2c.o
                              0x2954d (size before relaxing)
 .debug_str     0x0003336f       0x74 ./source/mma8451q.o
                              0x29a99 (size before relaxing)
 .debug_str     0x000333e3      0x532 ./source/mtb.o
                               0x3323 (size before relaxing)
 .debug_str     0x00033915       0x5d ./source/sample_generator.o
                              0x30a47 (size before relaxing)
 .debug_str     0x00033972       0x1f ./source/semihost_hardfault.o
                               0x2e10 (size before relaxing)
 .debug_str     0x00033991       0xa7 ./source/sine_generator.o
                              0x2930a (size before relaxing)
 .debug_str     0x00033a38       0x51 ./source/sine_test.o
                              0x30edb (size before relaxing)
 .debug_str     0x00033a89     0x14d7 ./drivers/fsl_clock.o
                              0x3231e (size before relaxing)
 .debug_str     0x00034f60      0x966 ./drivers/fsl_lpsci.o
                              0x31926 (size before relaxing)
 .debug_str     0x000358c6      0x832 ./drivers/fsl_uart.o
                              0x31949 (size before relaxing)
 .debug_str     0x000360f8       0x4c ./board/board.o
                              0x31796 (size before relaxing)
 .debug_str     0x00036144      0x300 ./board/clock_config.o
                              0x3124c (size before relaxing)
 .debug_str     0x00036444       0x31 ./board/peripherals.o
                               0x2e21 (size before relaxing)
 .debug_str     0x00036475      0x1e1 ./board/pin_mux.o
                              0x309af (size before relaxing)
 .debug_str     0x00036656       0x4f ./CMSIS/system_MKL25Z4.o
                              0x2fc88 (size before relaxing)

.comment        0x00000000       0x79
 .comment       0x00000000       0x79 ./utilities/fsl_debug_console.o
                                 0x7a (size before relaxing)
 .comment       0x00000079       0x7a ./startup/startup_mkl25z4.o
 .comment       0x00000079       0x7a ./source/ADC.o
 .comment       0x00000079       0x7a ./source/DAC.o
 .comment       0x00000079       0x7a ./source/PES_Assignment_7.o
 .comment       0x00000079       0x7a ./source/autocorrelate.o
 .comment       0x00000079       0x7a ./source/delay.o
 .comment       0x00000079       0x7a ./source/i2c.o
 .comment       0x00000079       0x7a ./source/mma8451q.o
 .comment       0x00000079       0x7a ./source/mtb.o
 .comment       0x00000079       0x7a ./source/sample_generator.o
 .comment       0x00000079       0x7a ./source/semihost_hardfault.o
 .comment       0x00000079       0x7a ./source/sine_generator.o
 .comment       0x00000079       0x7a ./source/sine_test.o
 .comment       0x00000079       0x7a ./drivers/fsl_clock.o
 .comment       0x00000079       0x7a ./drivers/fsl_lpsci.o
 .comment       0x00000079       0x7a ./drivers/fsl_uart.o
 .comment       0x00000079       0x7a ./board/board.o
 .comment       0x00000079       0x7a ./board/clock_config.o
 .comment       0x00000079       0x7a ./board/peripherals.o
 .comment       0x00000079       0x7a ./board/pin_mux.o
 .comment       0x00000079       0x7a ./CMSIS/system_MKL25Z4.o
 .comment       0x00000079       0x7a c:/nxp/mcuxpressoide_11.2.0_4120/ide/plugins/com.nxp.mcuxpresso.tools.win32_11.2.0.202001021529/tools/bin/../lib/gcc/arm-none-eabi/9.2.1/../../../../arm-none-eabi/lib/thumb/v6-m/nofp\libcr_semihost_nf.a(_cr__main.o)
 .comment       0x00000079       0x7a c:/nxp/mcuxpressoide_11.2.0_4120/ide/plugins/com.nxp.mcuxpresso.tools.win32_11.2.0.202001021529/tools/bin/../lib/gcc/arm-none-eabi/9.2.1/../../../../arm-none-eabi/lib/thumb/v6-m/nofp\libcr_semihost_nf.a(_cr_assert.o)
 .comment       0x00000079       0x7a c:/nxp/mcuxpressoide_11.2.0_4120/ide/plugins/com.nxp.mcuxpresso.tools.win32_11.2.0.202001021529/tools/bin/../lib/gcc/arm-none-eabi/9.2.1/../../../../arm-none-eabi/lib/thumb/v6-m/nofp\libcr_semihost_nf.a(__ciob.o)
 .comment       0x00000079       0x7a c:/nxp/mcuxpressoide_11.2.0_4120/ide/plugins/com.nxp.mcuxpresso.tools.win32_11.2.0.202001021529/tools/bin/../lib/gcc/arm-none-eabi/9.2.1/../../../../arm-none-eabi/lib/thumb/v6-m/nofp\libcr_c.a(memcpy.o)
 .comment       0x00000079       0x7a c:/nxp/mcuxpressoide_11.2.0_4120/ide/plugins/com.nxp.mcuxpresso.tools.win32_11.2.0.202001021529/tools/bin/../lib/gcc/arm-none-eabi/9.2.1/../../../../arm-none-eabi/lib/thumb/v6-m/nofp\libcr_c.a(memset.o)
 .comment       0x00000079       0x7a c:/nxp/mcuxpressoide_11.2.0_4120/ide/plugins/com.nxp.mcuxpresso.tools.win32_11.2.0.202001021529/tools/bin/../lib/gcc/arm-none-eabi/9.2.1/../../../../arm-none-eabi/lib/thumb/v6-m/nofp\libcr_c.a(_deferredlazyseek.o)
 .comment       0x00000079       0x7a c:/nxp/mcuxpressoide_11.2.0_4120/ide/plugins/com.nxp.mcuxpresso.tools.win32_11.2.0.202001021529/tools/bin/../lib/gcc/arm-none-eabi/9.2.1/../../../../arm-none-eabi/lib/thumb/v6-m/nofp\libcr_c.a(_fflush.o)
 .comment       0x00000079       0x7a c:/nxp/mcuxpressoide_11.2.0_4120/ide/plugins/com.nxp.mcuxpresso.tools.win32_11.2.0.202001021529/tools/bin/../lib/gcc/arm-none-eabi/9.2.1/../../../../arm-none-eabi/lib/thumb/v6-m/nofp\libcr_c.a(_writebuf.o)
 .comment       0x00000079       0x7a c:/nxp/mcuxpressoide_11.2.0_4120/ide/plugins/com.nxp.mcuxpresso.tools.win32_11.2.0.202001021529/tools/bin/../lib/gcc/arm-none-eabi/9.2.1/../../../../arm-none-eabi/lib/thumb/v6-m/nofp\libcr_c.a(alloc.o)
 .comment       0x00000079       0x7a c:/nxp/mcuxpressoide_11.2.0_4120/ide/plugins/com.nxp.mcuxpresso.tools.win32_11.2.0.202001021529/tools/bin/../lib/gcc/arm-none-eabi/9.2.1/../../../../arm-none-eabi/lib/thumb/v6-m/nofp\libcr_c.a(atan2.o)
 .comment       0x00000079       0x7a c:/nxp/mcuxpressoide_11.2.0_4120/ide/plugins/com.nxp.mcuxpresso.tools.win32_11.2.0.202001021529/tools/bin/../lib/gcc/arm-none-eabi/9.2.1/../../../../arm-none-eabi/lib/thumb/v6-m/nofp\libcr_c.a(errno.o)
 .comment       0x00000079       0x7a c:/nxp/mcuxpressoide_11.2.0_4120/ide/plugins/com.nxp.mcuxpresso.tools.win32_11.2.0.202001021529/tools/bin/../lib/gcc/arm-none-eabi/9.2.1/../../../../arm-none-eabi/lib/thumb/v6-m/nofp\libcr_c.a(fabs.o)
 .comment       0x00000079       0x7a c:/nxp/mcuxpressoide_11.2.0_4120/ide/plugins/com.nxp.mcuxpresso.tools.win32_11.2.0.202001021529/tools/bin/../lib/gcc/arm-none-eabi/9.2.1/../../../../arm-none-eabi/lib/thumb/v6-m/nofp\libcr_c.a(fputs.o)
 .comment       0x00000079       0x7a c:/nxp/mcuxpressoide_11.2.0_4120/ide/plugins/com.nxp.mcuxpresso.tools.win32_11.2.0.202001021529/tools/bin/../lib/gcc/arm-none-eabi/9.2.1/../../../../arm-none-eabi/lib/thumb/v6-m/nofp\libcr_c.a(fseek.o)
 .comment       0x00000079       0x7a c:/nxp/mcuxpressoide_11.2.0_4120/ide/plugins/com.nxp.mcuxpresso.tools.win32_11.2.0.202001021529/tools/bin/../lib/gcc/arm-none-eabi/9.2.1/../../../../arm-none-eabi/lib/thumb/v6-m/nofp\libcr_c.a(ftell.o)
 .comment       0x00000079       0x7a c:/nxp/mcuxpressoide_11.2.0_4120/ide/plugins/com.nxp.mcuxpresso.tools.win32_11.2.0.202001021529/tools/bin/../lib/gcc/arm-none-eabi/9.2.1/../../../../arm-none-eabi/lib/thumb/v6-m/nofp\libcr_c.a(gets.o)
 .comment       0x00000079       0x7a c:/nxp/mcuxpressoide_11.2.0_4120/ide/plugins/com.nxp.mcuxpresso.tools.win32_11.2.0.202001021529/tools/bin/../lib/gcc/arm-none-eabi/9.2.1/../../../../arm-none-eabi/lib/thumb/v6-m/nofp\libcr_c.a(initio.o)
 .comment       0x00000079       0x7a c:/nxp/mcuxpressoide_11.2.0_4120/ide/plugins/com.nxp.mcuxpresso.tools.win32_11.2.0.202001021529/tools/bin/../lib/gcc/arm-none-eabi/9.2.1/../../../../arm-none-eabi/lib/thumb/v6-m/nofp\libcr_c.a(printf.o)
 .comment       0x00000079       0x7a c:/nxp/mcuxpressoide_11.2.0_4120/ide/plugins/com.nxp.mcuxpresso.tools.win32_11.2.0.202001021529/tools/bin/../lib/gcc/arm-none-eabi/9.2.1/../../../../arm-none-eabi/lib/thumb/v6-m/nofp\libcr_c.a(setvbuf.o)
 .comment       0x00000079       0x7a c:/nxp/mcuxpressoide_11.2.0_4120/ide/plugins/com.nxp.mcuxpresso.tools.win32_11.2.0.202001021529/tools/bin/../lib/gcc/arm-none-eabi/9.2.1/../../../../arm-none-eabi/lib/thumb/v6-m/nofp\libcr_c.a(sin.o)
 .comment       0x00000079       0x7a c:/nxp/mcuxpressoide_11.2.0_4120/ide/plugins/com.nxp.mcuxpresso.tools.win32_11.2.0.202001021529/tools/bin/../lib/gcc/arm-none-eabi/9.2.1/../../../../arm-none-eabi/lib/thumb/v6-m/nofp\libcr_c.a(strcmp.o)
 .comment       0x00000079       0x7a c:/nxp/mcuxpressoide_11.2.0_4120/ide/plugins/com.nxp.mcuxpresso.tools.win32_11.2.0.202001021529/tools/bin/../lib/gcc/arm-none-eabi/9.2.1/../../../../arm-none-eabi/lib/thumb/v6-m/nofp\libcr_c.a(strlen.o)
 .comment       0x00000079       0x7a c:/nxp/mcuxpressoide_11.2.0_4120/ide/plugins/com.nxp.mcuxpresso.tools.win32_11.2.0.202001021529/tools/bin/../lib/gcc/arm-none-eabi/9.2.1/../../../../arm-none-eabi/lib/thumb/v6-m/nofp\libcr_c.a(__fillbuf.o)
 .comment       0x00000079       0x7a c:/nxp/mcuxpressoide_11.2.0_4120/ide/plugins/com.nxp.mcuxpresso.tools.win32_11.2.0.202001021529/tools/bin/../lib/gcc/arm-none-eabi/9.2.1/../../../../arm-none-eabi/lib/thumb/v6-m/nofp\libcr_c.a(__init_alloc.o)
 .comment       0x00000079       0x7a c:/nxp/mcuxpressoide_11.2.0_4120/ide/plugins/com.nxp.mcuxpresso.tools.win32_11.2.0.202001021529/tools/bin/../lib/gcc/arm-none-eabi/9.2.1/../../../../arm-none-eabi/lib/thumb/v6-m/nofp\libcr_c.a(_cr_sbrk.o)
 .comment       0x00000079       0x7a c:/nxp/mcuxpressoide_11.2.0_4120/ide/plugins/com.nxp.mcuxpresso.tools.win32_11.2.0.202001021529/tools/bin/../lib/gcc/arm-none-eabi/9.2.1/../../../../arm-none-eabi/lib/thumb/v6-m/nofp\libcr_c.a(_fdopen.o)
 .comment       0x00000079       0x7a c:/nxp/mcuxpressoide_11.2.0_4120/ide/plugins/com.nxp.mcuxpresso.tools.win32_11.2.0.202001021529/tools/bin/../lib/gcc/arm-none-eabi/9.2.1/../../../../arm-none-eabi/lib/thumb/v6-m/nofp\libcr_c.a(_sincos.o)
 .comment       0x00000079       0x7a c:/nxp/mcuxpressoide_11.2.0_4120/ide/plugins/com.nxp.mcuxpresso.tools.win32_11.2.0.202001021529/tools/bin/../lib/gcc/arm-none-eabi/9.2.1/../../../../arm-none-eabi/lib/thumb/v6-m/nofp\libcr_c.a(atan.o)
 .comment       0x00000079       0x7a c:/nxp/mcuxpressoide_11.2.0_4120/ide/plugins/com.nxp.mcuxpresso.tools.win32_11.2.0.202001021529/tools/bin/../lib/gcc/arm-none-eabi/9.2.1/../../../../arm-none-eabi/lib/thumb/v6-m/nofp\libcr_c.a(fclose.o)
 .comment       0x00000079       0x7a c:/nxp/mcuxpressoide_11.2.0_4120/ide/plugins/com.nxp.mcuxpresso.tools.win32_11.2.0.202001021529/tools/bin/../lib/gcc/arm-none-eabi/9.2.1/../../../../arm-none-eabi/lib/thumb/v6-m/nofp\libcr_c.a(fflush.o)
 .comment       0x00000079       0x7a c:/nxp/mcuxpressoide_11.2.0_4120/ide/plugins/com.nxp.mcuxpresso.tools.win32_11.2.0.202001021529/tools/bin/../lib/gcc/arm-none-eabi/9.2.1/../../../../arm-none-eabi/lib/thumb/v6-m/nofp\libcr_c.a(remove.o)
 .comment       0x00000079       0x7a c:/nxp/mcuxpressoide_11.2.0_4120/ide/plugins/com.nxp.mcuxpresso.tools.win32_11.2.0.202001021529/tools/bin/../lib/gcc/arm-none-eabi/9.2.1/../../../../arm-none-eabi/lib/thumb/v6-m/nofp\libcr_c.a(_cr_check_heap.o)
 .comment       0x00000079       0x7a c:/nxp/mcuxpressoide_11.2.0_4120/ide/plugins/com.nxp.mcuxpresso.tools.win32_11.2.0.202001021529/tools/bin/../lib/gcc/arm-none-eabi/9.2.1/../../../../arm-none-eabi/lib/thumb/v6-m/nofp\libcr_c.a(_do_fflush.o)
 .comment       0x00000079       0x7a c:/nxp/mcuxpressoide_11.2.0_4120/ide/plugins/com.nxp.mcuxpresso.tools.win32_11.2.0.202001021529/tools/bin/../lib/gcc/arm-none-eabi/9.2.1/thumb/v6-m/nofp\libcr_eabihelpers.a(double.o)

.ARM.attributes
                0x00000000       0x2a
 .ARM.attributes
                0x00000000       0x2c ./utilities/fsl_debug_console.o
 .ARM.attributes
                0x0000002c       0x2c ./startup/startup_mkl25z4.o
 .ARM.attributes
                0x00000058       0x2c ./source/ADC.o
 .ARM.attributes
                0x00000084       0x2c ./source/DAC.o
 .ARM.attributes
                0x000000b0       0x2c ./source/PES_Assignment_7.o
 .ARM.attributes
                0x000000dc       0x2c ./source/autocorrelate.o
 .ARM.attributes
                0x00000108       0x2c ./source/delay.o
 .ARM.attributes
                0x00000134       0x2c ./source/i2c.o
 .ARM.attributes
                0x00000160       0x2c ./source/mma8451q.o
 .ARM.attributes
                0x0000018c       0x32 ./source/mtb.o
 .ARM.attributes
                0x000001be       0x2c ./source/sample_generator.o
 .ARM.attributes
                0x000001ea       0x2c ./source/semihost_hardfault.o
 .ARM.attributes
                0x00000216       0x2c ./source/sine_generator.o
 .ARM.attributes
                0x00000242       0x2c ./source/sine_test.o
 .ARM.attributes
                0x0000026e       0x2c ./drivers/fsl_clock.o
 .ARM.attributes
                0x0000029a       0x2c ./drivers/fsl_lpsci.o
 .ARM.attributes
                0x000002c6       0x2c ./drivers/fsl_uart.o
 .ARM.attributes
                0x000002f2       0x2c ./board/board.o
 .ARM.attributes
                0x0000031e       0x2c ./board/clock_config.o
 .ARM.attributes
                0x0000034a       0x2c ./board/peripherals.o
 .ARM.attributes
                0x00000376       0x2c ./board/pin_mux.o
 .ARM.attributes
                0x000003a2       0x2c ./CMSIS/system_MKL25Z4.o
 .ARM.attributes
                0x000003ce       0x2c c:/nxp/mcuxpressoide_11.2.0_4120/ide/plugins/com.nxp.mcuxpresso.tools.win32_11.2.0.202001021529/tools/bin/../lib/gcc/arm-none-eabi/9.2.1/../../../../arm-none-eabi/lib/thumb/v6-m/nofp\libcr_semihost_nf.a(_cr__main.o)
 .ARM.attributes
                0x000003fa       0x2c c:/nxp/mcuxpressoide_11.2.0_4120/ide/plugins/com.nxp.mcuxpresso.tools.win32_11.2.0.202001021529/tools/bin/../lib/gcc/arm-none-eabi/9.2.1/../../../../arm-none-eabi/lib/thumb/v6-m/nofp\libcr_semihost_nf.a(_cr_assert.o)
 .ARM.attributes
                0x00000426       0x31 c:/nxp/mcuxpressoide_11.2.0_4120/ide/plugins/com.nxp.mcuxpresso.tools.win32_11.2.0.202001021529/tools/bin/../lib/gcc/arm-none-eabi/9.2.1/../../../../arm-none-eabi/lib/thumb/v6-m/nofp\libcr_semihost_nf.a(__ciob.o)
 .ARM.attributes
                0x00000457       0x1c c:/nxp/mcuxpressoide_11.2.0_4120/ide/plugins/com.nxp.mcuxpresso.tools.win32_11.2.0.202001021529/tools/bin/../lib/gcc/arm-none-eabi/9.2.1/../../../../arm-none-eabi/lib/thumb/v6-m/nofp\libcr_semihost_nf.a(__sys_appexit.o)
 .ARM.attributes
                0x00000473       0x2c c:/nxp/mcuxpressoide_11.2.0_4120/ide/plugins/com.nxp.mcuxpresso.tools.win32_11.2.0.202001021529/tools/bin/../lib/gcc/arm-none-eabi/9.2.1/../../../../arm-none-eabi/lib/thumb/v6-m/nofp\libcr_c.a(memcpy.o)
 .ARM.attributes
                0x0000049f       0x2c c:/nxp/mcuxpressoide_11.2.0_4120/ide/plugins/com.nxp.mcuxpresso.tools.win32_11.2.0.202001021529/tools/bin/../lib/gcc/arm-none-eabi/9.2.1/../../../../arm-none-eabi/lib/thumb/v6-m/nofp\libcr_c.a(memset.o)
 .ARM.attributes
                0x000004cb       0x2c c:/nxp/mcuxpressoide_11.2.0_4120/ide/plugins/com.nxp.mcuxpresso.tools.win32_11.2.0.202001021529/tools/bin/../lib/gcc/arm-none-eabi/9.2.1/../../../../arm-none-eabi/lib/thumb/v6-m/nofp\libcr_c.a(_deferredlazyseek.o)
 .ARM.attributes
                0x000004f7       0x2c c:/nxp/mcuxpressoide_11.2.0_4120/ide/plugins/com.nxp.mcuxpresso.tools.win32_11.2.0.202001021529/tools/bin/../lib/gcc/arm-none-eabi/9.2.1/../../../../arm-none-eabi/lib/thumb/v6-m/nofp\libcr_c.a(_fflush.o)
 .ARM.attributes
                0x00000523       0x2c c:/nxp/mcuxpressoide_11.2.0_4120/ide/plugins/com.nxp.mcuxpresso.tools.win32_11.2.0.202001021529/tools/bin/../lib/gcc/arm-none-eabi/9.2.1/../../../../arm-none-eabi/lib/thumb/v6-m/nofp\libcr_c.a(_writebuf.o)
 .ARM.attributes
                0x0000054f       0x2c c:/nxp/mcuxpressoide_11.2.0_4120/ide/plugins/com.nxp.mcuxpresso.tools.win32_11.2.0.202001021529/tools/bin/../lib/gcc/arm-none-eabi/9.2.1/../../../../arm-none-eabi/lib/thumb/v6-m/nofp\libcr_c.a(alloc.o)
 .ARM.attributes
                0x0000057b       0x2c c:/nxp/mcuxpressoide_11.2.0_4120/ide/plugins/com.nxp.mcuxpresso.tools.win32_11.2.0.202001021529/tools/bin/../lib/gcc/arm-none-eabi/9.2.1/../../../../arm-none-eabi/lib/thumb/v6-m/nofp\libcr_c.a(atan2.o)
 .ARM.attributes
                0x000005a7       0x31 c:/nxp/mcuxpressoide_11.2.0_4120/ide/plugins/com.nxp.mcuxpresso.tools.win32_11.2.0.202001021529/tools/bin/../lib/gcc/arm-none-eabi/9.2.1/../../../../arm-none-eabi/lib/thumb/v6-m/nofp\libcr_c.a(errno.o)
 .ARM.attributes
                0x000005d8       0x2c c:/nxp/mcuxpressoide_11.2.0_4120/ide/plugins/com.nxp.mcuxpresso.tools.win32_11.2.0.202001021529/tools/bin/../lib/gcc/arm-none-eabi/9.2.1/../../../../arm-none-eabi/lib/thumb/v6-m/nofp\libcr_c.a(fabs.o)
 .ARM.attributes
                0x00000604       0x2c c:/nxp/mcuxpressoide_11.2.0_4120/ide/plugins/com.nxp.mcuxpresso.tools.win32_11.2.0.202001021529/tools/bin/../lib/gcc/arm-none-eabi/9.2.1/../../../../arm-none-eabi/lib/thumb/v6-m/nofp\libcr_c.a(fputs.o)
 .ARM.attributes
                0x00000630       0x2c c:/nxp/mcuxpressoide_11.2.0_4120/ide/plugins/com.nxp.mcuxpresso.tools.win32_11.2.0.202001021529/tools/bin/../lib/gcc/arm-none-eabi/9.2.1/../../../../arm-none-eabi/lib/thumb/v6-m/nofp\libcr_c.a(fseek.o)
 .ARM.attributes
                0x0000065c       0x2c c:/nxp/mcuxpressoide_11.2.0_4120/ide/plugins/com.nxp.mcuxpresso.tools.win32_11.2.0.202001021529/tools/bin/../lib/gcc/arm-none-eabi/9.2.1/../../../../arm-none-eabi/lib/thumb/v6-m/nofp\libcr_c.a(ftell.o)
 .ARM.attributes
                0x00000688       0x2c c:/nxp/mcuxpressoide_11.2.0_4120/ide/plugins/com.nxp.mcuxpresso.tools.win32_11.2.0.202001021529/tools/bin/../lib/gcc/arm-none-eabi/9.2.1/../../../../arm-none-eabi/lib/thumb/v6-m/nofp\libcr_c.a(gets.o)
 .ARM.attributes
                0x000006b4       0x2c c:/nxp/mcuxpressoide_11.2.0_4120/ide/plugins/com.nxp.mcuxpresso.tools.win32_11.2.0.202001021529/tools/bin/../lib/gcc/arm-none-eabi/9.2.1/../../../../arm-none-eabi/lib/thumb/v6-m/nofp\libcr_c.a(initio.o)
 .ARM.attributes
                0x000006e0       0x2c c:/nxp/mcuxpressoide_11.2.0_4120/ide/plugins/com.nxp.mcuxpresso.tools.win32_11.2.0.202001021529/tools/bin/../lib/gcc/arm-none-eabi/9.2.1/../../../../arm-none-eabi/lib/thumb/v6-m/nofp\libcr_c.a(printf.o)
 .ARM.attributes
                0x0000070c       0x2c c:/nxp/mcuxpressoide_11.2.0_4120/ide/plugins/com.nxp.mcuxpresso.tools.win32_11.2.0.202001021529/tools/bin/../lib/gcc/arm-none-eabi/9.2.1/../../../../arm-none-eabi/lib/thumb/v6-m/nofp\libcr_c.a(setvbuf.o)
 .ARM.attributes
                0x00000738       0x2c c:/nxp/mcuxpressoide_11.2.0_4120/ide/plugins/com.nxp.mcuxpresso.tools.win32_11.2.0.202001021529/tools/bin/../lib/gcc/arm-none-eabi/9.2.1/../../../../arm-none-eabi/lib/thumb/v6-m/nofp\libcr_c.a(sin.o)
 .ARM.attributes
                0x00000764       0x2c c:/nxp/mcuxpressoide_11.2.0_4120/ide/plugins/com.nxp.mcuxpresso.tools.win32_11.2.0.202001021529/tools/bin/../lib/gcc/arm-none-eabi/9.2.1/../../../../arm-none-eabi/lib/thumb/v6-m/nofp\libcr_c.a(strcmp.o)
 .ARM.attributes
                0x00000790       0x2c c:/nxp/mcuxpressoide_11.2.0_4120/ide/plugins/com.nxp.mcuxpresso.tools.win32_11.2.0.202001021529/tools/bin/../lib/gcc/arm-none-eabi/9.2.1/../../../../arm-none-eabi/lib/thumb/v6-m/nofp\libcr_c.a(strlen.o)
 .ARM.attributes
                0x000007bc       0x2c c:/nxp/mcuxpressoide_11.2.0_4120/ide/plugins/com.nxp.mcuxpresso.tools.win32_11.2.0.202001021529/tools/bin/../lib/gcc/arm-none-eabi/9.2.1/../../../../arm-none-eabi/lib/thumb/v6-m/nofp\libcr_c.a(__fillbuf.o)
 .ARM.attributes
                0x000007e8       0x2c c:/nxp/mcuxpressoide_11.2.0_4120/ide/plugins/com.nxp.mcuxpresso.tools.win32_11.2.0.202001021529/tools/bin/../lib/gcc/arm-none-eabi/9.2.1/../../../../arm-none-eabi/lib/thumb/v6-m/nofp\libcr_c.a(__init_alloc.o)
 .ARM.attributes
                0x00000814       0x2c c:/nxp/mcuxpressoide_11.2.0_4120/ide/plugins/com.nxp.mcuxpresso.tools.win32_11.2.0.202001021529/tools/bin/../lib/gcc/arm-none-eabi/9.2.1/../../../../arm-none-eabi/lib/thumb/v6-m/nofp\libcr_c.a(_cr_sbrk.o)
 .ARM.attributes
                0x00000840       0x2c c:/nxp/mcuxpressoide_11.2.0_4120/ide/plugins/com.nxp.mcuxpresso.tools.win32_11.2.0.202001021529/tools/bin/../lib/gcc/arm-none-eabi/9.2.1/../../../../arm-none-eabi/lib/thumb/v6-m/nofp\libcr_c.a(_fdopen.o)
 .ARM.attributes
                0x0000086c       0x2c c:/nxp/mcuxpressoide_11.2.0_4120/ide/plugins/com.nxp.mcuxpresso.tools.win32_11.2.0.202001021529/tools/bin/../lib/gcc/arm-none-eabi/9.2.1/../../../../arm-none-eabi/lib/thumb/v6-m/nofp\libcr_c.a(_sincos.o)
 .ARM.attributes
                0x00000898       0x2c c:/nxp/mcuxpressoide_11.2.0_4120/ide/plugins/com.nxp.mcuxpresso.tools.win32_11.2.0.202001021529/tools/bin/../lib/gcc/arm-none-eabi/9.2.1/../../../../arm-none-eabi/lib/thumb/v6-m/nofp\libcr_c.a(atan.o)
 .ARM.attributes
                0x000008c4       0x2c c:/nxp/mcuxpressoide_11.2.0_4120/ide/plugins/com.nxp.mcuxpresso.tools.win32_11.2.0.202001021529/tools/bin/../lib/gcc/arm-none-eabi/9.2.1/../../../../arm-none-eabi/lib/thumb/v6-m/nofp\libcr_c.a(fclose.o)
 .ARM.attributes
                0x000008f0       0x2c c:/nxp/mcuxpressoide_11.2.0_4120/ide/plugins/com.nxp.mcuxpresso.tools.win32_11.2.0.202001021529/tools/bin/../lib/gcc/arm-none-eabi/9.2.1/../../../../arm-none-eabi/lib/thumb/v6-m/nofp\libcr_c.a(fflush.o)
 .ARM.attributes
                0x0000091c       0x2c c:/nxp/mcuxpressoide_11.2.0_4120/ide/plugins/com.nxp.mcuxpresso.tools.win32_11.2.0.202001021529/tools/bin/../lib/gcc/arm-none-eabi/9.2.1/../../../../arm-none-eabi/lib/thumb/v6-m/nofp\libcr_c.a(remove.o)
 .ARM.attributes
                0x00000948       0x2c c:/nxp/mcuxpressoide_11.2.0_4120/ide/plugins/com.nxp.mcuxpresso.tools.win32_11.2.0.202001021529/tools/bin/../lib/gcc/arm-none-eabi/9.2.1/../../../../arm-none-eabi/lib/thumb/v6-m/nofp\libcr_c.a(_cr_check_heap.o)
 .ARM.attributes
                0x00000974       0x2c c:/nxp/mcuxpressoide_11.2.0_4120/ide/plugins/com.nxp.mcuxpresso.tools.win32_11.2.0.202001021529/tools/bin/../lib/gcc/arm-none-eabi/9.2.1/../../../../arm-none-eabi/lib/thumb/v6-m/nofp\libcr_c.a(_do_fflush.o)
 .ARM.attributes
                0x000009a0       0x1c c:/nxp/mcuxpressoide_11.2.0_4120/ide/plugins/com.nxp.mcuxpresso.tools.win32_11.2.0.202001021529/tools/bin/../lib/gcc/arm-none-eabi/9.2.1/thumb/v6-m/nofp\libcr_eabihelpers.a(division_32.o)
 .ARM.attributes
                0x000009bc       0x1c c:/nxp/mcuxpressoide_11.2.0_4120/ide/plugins/com.nxp.mcuxpresso.tools.win32_11.2.0.202001021529/tools/bin/../lib/gcc/arm-none-eabi/9.2.1/thumb/v6-m/nofp\libcr_eabihelpers.a(division_idiv0.o)
 .ARM.attributes
                0x000009d8       0x2c c:/nxp/mcuxpressoide_11.2.0_4120/ide/plugins/com.nxp.mcuxpresso.tools.win32_11.2.0.202001021529/tools/bin/../lib/gcc/arm-none-eabi/9.2.1/thumb/v6-m/nofp\libcr_eabihelpers.a(double.o)
 .ARM.attributes
                0x00000a04       0x1c c:/nxp/mcuxpressoide_11.2.0_4120/ide/plugins/com.nxp.mcuxpresso.tools.win32_11.2.0.202001021529/tools/bin/../lib/gcc/arm-none-eabi/9.2.1/thumb/v6-m/nofp\libcr_eabihelpers.a(llong.o)
 .ARM.attributes
                0x00000a20       0x1c c:/nxp/mcuxpressoide_11.2.0_4120/ide/plugins/com.nxp.mcuxpresso.tools.win32_11.2.0.202001021529/tools/bin/../lib/gcc/arm-none-eabi/9.2.1/thumb/v6-m/nofp\libcr_eabihelpers.a(memcpy.o)
 .ARM.attributes
                0x00000a3c       0x1c c:/nxp/mcuxpressoide_11.2.0_4120/ide/plugins/com.nxp.mcuxpresso.tools.win32_11.2.0.202001021529/tools/bin/../lib/gcc/arm-none-eabi/9.2.1/thumb/v6-m/nofp\libcr_eabihelpers.a(thumb1_switch_helpers.o)
 .ARM.attributes
                0x00000a58       0x1c c:/nxp/mcuxpressoide_11.2.0_4120/ide/plugins/com.nxp.mcuxpresso.tools.win32_11.2.0.202001021529/tools/bin/../lib/gcc/arm-none-eabi/9.2.1/../../../../arm-none-eabi/lib/thumb/v6-m/nofp\libcr_semihost_nf.a(__sys_close.o)
 .ARM.attributes
                0x00000a74       0x1c c:/nxp/mcuxpressoide_11.2.0_4120/ide/plugins/com.nxp.mcuxpresso.tools.win32_11.2.0.202001021529/tools/bin/../lib/gcc/arm-none-eabi/9.2.1/../../../../arm-none-eabi/lib/thumb/v6-m/nofp\libcr_semihost_nf.a(__sys_flen.o)
 .ARM.attributes
                0x00000a90       0x1c c:/nxp/mcuxpressoide_11.2.0_4120/ide/plugins/com.nxp.mcuxpresso.tools.win32_11.2.0.202001021529/tools/bin/../lib/gcc/arm-none-eabi/9.2.1/../../../../arm-none-eabi/lib/thumb/v6-m/nofp\libcr_semihost_nf.a(__sys_istty.o)
 .ARM.attributes
                0x00000aac       0x1c c:/nxp/mcuxpressoide_11.2.0_4120/ide/plugins/com.nxp.mcuxpresso.tools.win32_11.2.0.202001021529/tools/bin/../lib/gcc/arm-none-eabi/9.2.1/../../../../arm-none-eabi/lib/thumb/v6-m/nofp\libcr_semihost_nf.a(__sys_read.o)
 .ARM.attributes
                0x00000ac8       0x1c c:/nxp/mcuxpressoide_11.2.0_4120/ide/plugins/com.nxp.mcuxpresso.tools.win32_11.2.0.202001021529/tools/bin/../lib/gcc/arm-none-eabi/9.2.1/../../../../arm-none-eabi/lib/thumb/v6-m/nofp\libcr_semihost_nf.a(__sys_readc.o)
 .ARM.attributes
                0x00000ae4       0x1c c:/nxp/mcuxpressoide_11.2.0_4120/ide/plugins/com.nxp.mcuxpresso.tools.win32_11.2.0.202001021529/tools/bin/../lib/gcc/arm-none-eabi/9.2.1/../../../../arm-none-eabi/lib/thumb/v6-m/nofp\libcr_semihost_nf.a(__sys_remove.o)
 .ARM.attributes
                0x00000b00       0x1c c:/nxp/mcuxpressoide_11.2.0_4120/ide/plugins/com.nxp.mcuxpresso.tools.win32_11.2.0.202001021529/tools/bin/../lib/gcc/arm-none-eabi/9.2.1/../../../../arm-none-eabi/lib/thumb/v6-m/nofp\libcr_semihost_nf.a(__sys_seek.o)
 .ARM.attributes
                0x00000b1c       0x1c c:/nxp/mcuxpressoide_11.2.0_4120/ide/plugins/com.nxp.mcuxpresso.tools.win32_11.2.0.202001021529/tools/bin/../lib/gcc/arm-none-eabi/9.2.1/../../../../arm-none-eabi/lib/thumb/v6-m/nofp\libcr_semihost_nf.a(__sys_tmpnam.o)
 .ARM.attributes
                0x00000b38       0x1c c:/nxp/mcuxpressoide_11.2.0_4120/ide/plugins/com.nxp.mcuxpresso.tools.win32_11.2.0.202001021529/tools/bin/../lib/gcc/arm-none-eabi/9.2.1/../../../../arm-none-eabi/lib/thumb/v6-m/nofp\libcr_semihost_nf.a(__sys_write.o)

.debug_frame    0x00000000     0x1ac8
 .debug_frame   0x00000000       0xcc ./utilities/fsl_debug_console.o
 .debug_frame   0x000000cc      0x3b0 ./startup/startup_mkl25z4.o
 .debug_frame   0x0000047c       0x8c ./source/ADC.o
 .debug_frame   0x00000508      0x100 ./source/DAC.o
 .debug_frame   0x00000608       0x34 ./source/PES_Assignment_7.o
 .debug_frame   0x0000063c       0x30 ./source/autocorrelate.o
 .debug_frame   0x0000066c       0x30 ./source/delay.o
 .debug_frame   0x0000069c      0x104 ./source/i2c.o
 .debug_frame   0x000007a0       0x90 ./source/mma8451q.o
 .debug_frame   0x00000830       0x50 ./source/sample_generator.o
 .debug_frame   0x00000880       0x20 ./source/semihost_hardfault.o
 .debug_frame   0x000008a0       0x50 ./source/sine_generator.o
 .debug_frame   0x000008f0       0x30 ./source/sine_test.o
 .debug_frame   0x00000920      0x6e0 ./drivers/fsl_clock.o
 .debug_frame   0x00001000      0x414 ./drivers/fsl_lpsci.o
 .debug_frame   0x00001414      0x464 ./drivers/fsl_uart.o
 .debug_frame   0x00001878       0x50 ./board/board.o
 .debug_frame   0x000018c8      0x100 ./board/clock_config.o
 .debug_frame   0x000019c8       0x2c ./board/peripherals.o
 .debug_frame   0x000019f4       0x88 ./board/pin_mux.o
 .debug_frame   0x00001a7c       0x4c ./CMSIS/system_MKL25Z4.o

Cross Reference Table

Symbol                                            File
ADC0_DriverIRQHandler                             ./startup/startup_mkl25z4.o
ADC0_IRQHandler                                   ./startup/startup_mkl25z4.o
ADC_Init                                          ./source/ADC.o
                                                  ./source/PES_Assignment_7.o
ADC_buffer                                        ./source/ADC.o
                                                  ./source/PES_Assignment_7.o
ADC_calibrate                                     ./source/ADC.o
                                                  ./source/PES_Assignment_7.o
BOARD_BootClockRUN                                ./board/clock_config.o
BOARD_BootClockVLPR                               ./board/clock_config.o
BOARD_InitBootClocks                              ./board/clock_config.o
                                                  ./source/PES_Assignment_7.o
BOARD_InitBootPeripherals                         ./board/peripherals.o
                                                  ./source/PES_Assignment_7.o
BOARD_InitBootPins                                ./board/pin_mux.o
                                                  ./source/PES_Assignment_7.o
BOARD_InitDebugConsole                            ./board/board.o
                                                  ./source/PES_Assignment_7.o
BOARD_InitPins                                    ./board/pin_mux.o
CLOCK_BootToBlpeMode                              ./drivers/fsl_clock.o
CLOCK_BootToBlpiMode                              ./drivers/fsl_clock.o
                                                  ./board/clock_config.o
CLOCK_BootToFeeMode                               ./drivers/fsl_clock.o
CLOCK_BootToFeiMode                               ./drivers/fsl_clock.o
CLOCK_BootToPeeMode                               ./drivers/fsl_clock.o
                                                  ./board/clock_config.o
CLOCK_CalcPllDiv                                  ./drivers/fsl_clock.o
CLOCK_ClearStatusFlags                            ./drivers/fsl_clock.o
CLOCK_DeinitOsc0                                  ./drivers/fsl_clock.o
CLOCK_EnablePll0                                  ./drivers/fsl_clock.o
CLOCK_EnableUsbfs0Clock                           ./drivers/fsl_clock.o
CLOCK_ExternalModeToFbeModeQuick                  ./drivers/fsl_clock.o
CLOCK_FllStableDelay                              ./drivers/fsl_clock.o
CLOCK_GetBusClkFreq                               ./drivers/fsl_clock.o
CLOCK_GetCoreSysClkFreq                           ./drivers/fsl_clock.o
CLOCK_GetEr32kClkFreq                             ./drivers/fsl_clock.o
CLOCK_GetFixedFreqClkFreq                         ./drivers/fsl_clock.o
CLOCK_GetFlashClkFreq                             ./drivers/fsl_clock.o
CLOCK_GetFllFreq                                  ./drivers/fsl_clock.o
CLOCK_GetFreq                                     ./drivers/fsl_clock.o
CLOCK_GetInternalRefClkFreq                       ./drivers/fsl_clock.o
CLOCK_GetMode                                     ./drivers/fsl_clock.o
CLOCK_GetOsc0ErClkFreq                            ./drivers/fsl_clock.o
CLOCK_GetOutClkFreq                               ./drivers/fsl_clock.o
CLOCK_GetPlatClkFreq                              ./drivers/fsl_clock.o
CLOCK_GetPll0Freq                                 ./drivers/fsl_clock.o
CLOCK_GetPllFllSelClkFreq                         ./drivers/fsl_clock.o
                                                  ./board/board.o
CLOCK_GetStatusFlags                              ./drivers/fsl_clock.o
CLOCK_InitOsc0                                    ./drivers/fsl_clock.o
                                                  ./board/clock_config.o
CLOCK_InternalModeToFbiModeQuick                  ./drivers/fsl_clock.o
CLOCK_SetBlpeMode                                 ./drivers/fsl_clock.o
CLOCK_SetBlpiMode                                 ./drivers/fsl_clock.o
CLOCK_SetExternalRefClkConfig                     ./drivers/fsl_clock.o
CLOCK_SetFbeMode                                  ./drivers/fsl_clock.o
CLOCK_SetFbiMode                                  ./drivers/fsl_clock.o